Component: ARM Compiler 5.06 update 7 (build 960) Tool: armlink [4d3601]

==============================================================================

Section Cross References

    main.o(i.main) refers to systick.o(i.SysTick_Init) for SysTick_Init
    main.o(i.main) refers to misc.o(i.NVIC_PriorityGroupConfig) for NVIC_PriorityGroupConfig
    main.o(i.main) refers to usart.o(i.USART1_Init) for USART1_Init
    main.o(i.main) refers to usart3.o(i.USART3_Init) for USART3_Init
    main.o(i.main) refers to key.o(i.KEY_Matrix_Init) for KEY_Matrix_Init
    main.o(i.main) refers to 24cxx.o(i.AT24CXX_Init) for AT24CXX_Init
    main.o(i.main) refers to kongtiao.o(i.TIM_PWM_Init) for TIM_PWM_Init
    main.o(i.main) refers to rtc.o(i.RTC_Init) for RTC_Init
    main.o(i.main) refers to oled.o(i.OLED_Init) for OLED_Init
    main.o(i.main) refers to oled.o(i.OLED_Clear) for OLED_Clear
    main.o(i.main) refers to printf1.o(i.__0printf$1) for __2printf
    main.o(i.main) refers to systick.o(i.delay_ms) for delay_ms
    main.o(i.main) refers to oled.o(i.OLED_ShowString) for OLED_ShowString
    main.o(i.main) refers to oled.o(i.OLED_Refresh_Gram) for OLED_Refresh_Gram
    main.o(i.main) refers to usart3.o(i.bt11_check) for bt11_check
    main.o(i.main) refers to 24cxx.o(i.AT24CXX_Check) for AT24CXX_Check
    main.o(i.main) refers to 24cxx.o(i.AT24CXX_ReadOneByte) for AT24CXX_ReadOneByte
    main.o(i.main) refers to oled.o(i.OLED_ShowFontHZ) for OLED_ShowFontHZ
    main.o(i.main) refers to oled.o(i.OLED_ShowNum) for OLED_ShowNum
    main.o(i.main) refers to kongtiao.o(i.Normal_Code) for Normal_Code
    main.o(i.main) refers to key.o(i.KEY_Matrix_Scan) for KEY_Matrix_Scan
    main.o(i.main) refers to 24cxx.o(i.AT24CXX_WriteOneByte) for AT24CXX_WriteOneByte
    main.o(i.main) refers to main.o(.data) for .data
    main.o(i.main) refers to stm32f10x_usart.o(i.USART_SendData) for USART_SendData
    main.o(i.main) refers to usart3.o(i.u3_printf) for u3_printf
    main.o(i.main) refers to stm32f10x_gpio.o(i.GPIO_ReadInputDataBit) for GPIO_ReadInputDataBit
    main.o(i.main) refers to usart.o(.data) for USART1_RX_STA
    main.o(i.main) refers to usart.o(.bss) for USART1_RX_BUF
    main.o(i.main) refers to usart3.o(.data) for USART3_RX_STA
    main.o(i.main) refers to usart3.o(.bss) for USART3_RX_BUF
    main.o(i.main) refers to stm32f10x_rcc.o(i.RCC_RTCCLKCmd) for RCC_RTCCLKCmd
    main.o(i.main) refers to rtc.o(i.RTC_Set) for RTC_Set
    main.o(i.main) refers to kongtiao.o(i.guangji) for guangji
    main.o(i.main) refers to rtc.o(.bss) for calendar
    main.o(i.main) refers to main.o(.bss) for .bss
    startup_stm32f10x_md.o(RESET) refers to startup_stm32f10x_md.o(STACK) for __initial_sp
    startup_stm32f10x_md.o(RESET) refers to startup_stm32f10x_md.o(.text) for Reset_Handler
    startup_stm32f10x_md.o(RESET) refers to stm32f10x_it.o(i.NMI_Handler) for NMI_Handler
    startup_stm32f10x_md.o(RESET) refers to stm32f10x_it.o(i.HardFault_Handler) for HardFault_Handler
    startup_stm32f10x_md.o(RESET) refers to stm32f10x_it.o(i.MemManage_Handler) for MemManage_Handler
    startup_stm32f10x_md.o(RESET) refers to stm32f10x_it.o(i.BusFault_Handler) for BusFault_Handler
    startup_stm32f10x_md.o(RESET) refers to stm32f10x_it.o(i.UsageFault_Handler) for UsageFault_Handler
    startup_stm32f10x_md.o(RESET) refers to stm32f10x_it.o(i.SVC_Handler) for SVC_Handler
    startup_stm32f10x_md.o(RESET) refers to stm32f10x_it.o(i.DebugMon_Handler) for DebugMon_Handler
    startup_stm32f10x_md.o(RESET) refers to stm32f10x_it.o(i.PendSV_Handler) for PendSV_Handler
    startup_stm32f10x_md.o(RESET) refers to stm32f10x_it.o(i.SysTick_Handler) for SysTick_Handler
    startup_stm32f10x_md.o(RESET) refers to rtc.o(i.RTC_IRQHandler) for RTC_IRQHandler
    startup_stm32f10x_md.o(RESET) refers to usart.o(i.USART1_IRQHandler) for USART1_IRQHandler
    startup_stm32f10x_md.o(RESET) refers to usart3.o(i.USART3_IRQHandler) for USART3_IRQHandler
    startup_stm32f10x_md.o(.text) refers to system_stm32f10x.o(i.SystemInit) for SystemInit
    startup_stm32f10x_md.o(.text) refers to entry.o(.ARM.Collect$$$$00000000) for __main
    stm32f10x_gpio.o(i.GPIO_AFIODeInit) refers to stm32f10x_rcc.o(i.RCC_APB2PeriphResetCmd) for RCC_APB2PeriphResetCmd
    stm32f10x_gpio.o(i.GPIO_DeInit) refers to stm32f10x_rcc.o(i.RCC_APB2PeriphResetCmd) for RCC_APB2PeriphResetCmd
    stm32f10x_rcc.o(i.RCC_GetClocksFreq) refers to stm32f10x_rcc.o(.data) for .data
    stm32f10x_rcc.o(i.RCC_WaitForHSEStartUp) refers to stm32f10x_rcc.o(i.RCC_GetFlagStatus) for RCC_GetFlagStatus
    stm32f10x_tim.o(i.TIM_DeInit) refers to stm32f10x_rcc.o(i.RCC_APB2PeriphResetCmd) for RCC_APB2PeriphResetCmd
    stm32f10x_tim.o(i.TIM_DeInit) refers to stm32f10x_rcc.o(i.RCC_APB1PeriphResetCmd) for RCC_APB1PeriphResetCmd
    stm32f10x_tim.o(i.TIM_ETRClockMode1Config) refers to stm32f10x_tim.o(i.TIM_ETRConfig) for TIM_ETRConfig
[...]
    entry2.o(__vectab_stack_and_reset_area) refers to startup_stm32f10x_md.o(STACK) for __initial_sp
    entry2.o(__vectab_stack_and_reset_area) refers to entry.o(.ARM.Collect$$$$00000000) for __main
    entry5.o(.ARM.Collect$$$$00000004) refers to init.o(.text) for __scatterload
    entry9a.o(.ARM.Collect$$$$0000000B) refers to main.o(i.main) for main
    entry9b.o(.ARM.Collect$$$$0000000C) refers to main.o(i.main) for main
    uldiv.o(.text) refers to llushr.o(.text) for __aeabi_llsr
    uldiv.o(.text) refers to llshl.o(.text) for __aeabi_llsl
    dadd.o(.text) refers to llshl.o(.text) for __aeabi_llsl
    dadd.o(.text) refers to llsshr.o(.text) for __aeabi_lasr
    dadd.o(.text) refers to depilogue.o(.text) for _double_epilogue
    dmul.o(.text) refers to depilogue.o(.text) for _double_epilogue
    ddiv.o(.text) refers to depilogue.o(.text) for _double_round
    dfixul.o(.text) refers to llushr.o(.text) for __aeabi_llsr
    dfixul.o(.text) refers to llshl.o(.text) for __aeabi_llsl
    init.o(.text) refers to entry5.o(.ARM.Collect$$$$00000004) for __main_after_scatterload
    depilogue.o(.text) refers to llshl.o(.text) for __aeabi_llsl
    depilogue.o(.text) refers to llushr.o(.text) for __aeabi_llsr


==============================================================================

Removing Unused input sections from the image.

    Removing startup_stm32f10x_md.o(HEAP), (512 bytes).
    Removing stm32f10x_gpio.o(i.GPIO_AFIODeInit), (22 bytes).
    Removing stm32f10x_gpio.o(i.GPIO_DeInit), (216 bytes).
    Removing stm32f10x_gpio.o(i.GPIO_ETH_MediaInterfaceConfig), (12 bytes).
    Removing stm32f10x_gpio.o(i.GPIO_EXTILineConfig), (40 bytes).
    Removing stm32f10x_gpio.o(i.GPIO_EventOutputCmd), (12 bytes).
    Removing stm32f10x_gpio.o(i.GPIO_EventOutputConfig), (28 bytes).
    Removing stm32f10x_gpio.o(i.GPIO_PinLockConfig), (16 bytes).
    Removing stm32f10x_gpio.o(i.GPIO_PinRemapConfig), (92 bytes).
    Removing stm32f10x_gpio.o(i.GPIO_ReadInputData), (6 bytes).
    Removing stm32f10x_gpio.o(i.GPIO_ReadOutputData), (6 bytes).
    Removing stm32f10x_gpio.o(i.GPIO_ReadOutputDataBit), (14 bytes).
    Removing stm32f10x_gpio.o(i.GPIO_StructInit), (16 bytes).
    Removing stm32f10x_gpio.o(i.GPIO_Write), (4 bytes).
    Removing stm32f10x_gpio.o(i.GPIO_WriteBit), (12 bytes).
    Removing stm32f10x_rcc.o(i.RCC_ADCCLKConfig), (20 bytes).
    Removing stm32f10x_rcc.o(i.RCC_AHBPeriphClockCmd), (28 bytes).
    Removing stm32f10x_rcc.o(i.RCC_AdjustHSICalibrationValue), (20 bytes).
    Removing stm32f10x_rcc.o(i.RCC_ClearFlag), (16 bytes).
    Removing stm32f10x_rcc.o(i.RCC_ClearITPendingBit), (12 bytes).
    Removing stm32f10x_rcc.o(i.RCC_ClockSecuritySystemCmd), (12 bytes).
    Removing stm32f10x_rcc.o(i.RCC_DeInit), (64 bytes).
    Removing stm32f10x_rcc.o(i.RCC_GetITStatus), (20 bytes).
    Removing stm32f10x_rcc.o(i.RCC_GetSYSCLKSource), (16 bytes).
    Removing stm32f10x_rcc.o(i.RCC_HCLKConfig), (20 bytes).
    Removing stm32f10x_rcc.o(i.RCC_HSEConfig), (56 bytes).
    Removing stm32f10x_rcc.o(i.RCC_HSICmd), (12 bytes).
    Removing stm32f10x_rcc.o(i.RCC_ITConfig), (28 bytes).
    Removing stm32f10x_rcc.o(i.RCC_LSICmd), (12 bytes).
    Removing stm32f10x_rcc.o(i.RCC_MCOConfig), (12 bytes).
    Removing stm32f10x_rcc.o(i.RCC_PCLK1Config), (20 bytes).
    Removing stm32f10x_rcc.o(i.RCC_PCLK2Config), (20 bytes).
    Removing stm32f10x_rcc.o(i.RCC_PLLCmd), (12 bytes).
    Removing stm32f10x_rcc.o(i.RCC_PLLConfig), (20 bytes).
    Removing stm32f10x_rcc.o(i.RCC_SYSCLKConfig), (20 bytes).
    Removing stm32f10x_rcc.o(i.RCC_USBCLKConfig), (12 bytes).
    Removing stm32f10x_rcc.o(i.RCC_WaitForHSEStartUp), (48 bytes).
    Removing misc.o(i.NVIC_SetVectorTable), (20 bytes).
    Removing misc.o(i.NVIC_SystemLPConfig), (28 bytes).
    Removing stm32f10x_exti.o(i.EXTI_ClearFlag), (12 bytes).
    Removing stm32f10x_exti.o(i.EXTI_ClearITPendingBit), (12 bytes).
    Removing stm32f10x_exti.o(i.EXTI_DeInit), (36 bytes).
    Removing stm32f10x_exti.o(i.EXTI_GenerateSWInterrupt), (16 bytes).
    Removing stm32f10x_exti.o(i.EXTI_GetFlagStatus), (20 bytes).
    Removing stm32f10x_exti.o(i.EXTI_GetITStatus), (32 bytes).
    Removing stm32f10x_exti.o(i.EXTI_Init), (116 bytes).
    Removing stm32f10x_exti.o(i.EXTI_StructInit), (14 bytes).
    Removing stm32f10x_tim.o(i.TI1_Config), (116 bytes).
    Removing stm32f10x_tim.o(i.TI2_Config), (124 bytes).
    Removing stm32f10x_tim.o(i.TI3_Config), (120 bytes).
    Removing stm32f10x_tim.o(i.TI4_Config), (124 bytes).
    Removing stm32f10x_tim.o(i.TIM_ARRPreloadConfig), (24 bytes).
    Removing stm32f10x_tim.o(i.TIM_BDTRConfig), (34 bytes).
    Removing stm32f10x_tim.o(i.TIM_BDTRStructInit), (18 bytes).
    Removing stm32f10x_tim.o(i.TIM_CCPreloadControl), (24 bytes).
    Removing stm32f10x_tim.o(i.TIM_CCxCmd), (22 bytes).
    Removing stm32f10x_tim.o(i.TIM_CCxNCmd), (22 bytes).
    Removing stm32f10x_tim.o(i.TIM_ClearFlag), (6 bytes).
    Removing stm32f10x_tim.o(i.TIM_ClearITPendingBit), (6 bytes).
    Removing stm32f10x_tim.o(i.TIM_ClearOC1Ref), (12 bytes).
    Removing stm32f10x_tim.o(i.TIM_ClearOC2Ref), (20 bytes).
    Removing stm32f10x_tim.o(i.TIM_ClearOC3Ref), (12 bytes).
    Removing stm32f10x_tim.o(i.TIM_ClearOC4Ref), (20 bytes).
    Removing stm32f10x_tim.o(i.TIM_CounterModeConfig), (12 bytes).
    Removing stm32f10x_tim.o(i.TIM_CtrlPWMOutputs), (28 bytes).
    Removing stm32f10x_tim.o(i.TIM_DMACmd), (20 bytes).
    Removing stm32f10x_tim.o(i.TIM_DMAConfig), (8 bytes).
    Removing stm32f10x_tim.o(i.TIM_DeInit), (528 bytes).
    Removing stm32f10x_tim.o(i.TIM_ETRClockMode1Config), (32 bytes).
    Removing stm32f10x_tim.o(i.TIM_ETRClockMode2Config), (20 bytes).
    Removing stm32f10x_tim.o(i.TIM_ETRConfig), (24 bytes).
    Removing stm32f10x_tim.o(i.TIM_EncoderInterfaceConfig), (50 bytes).
    Removing stm32f10x_tim.o(i.TIM_ForcedOC1Config), (12 bytes).
    Removing stm32f10x_tim.o(i.TIM_ForcedOC2Config), (20 bytes).
    Removing stm32f10x_tim.o(i.TIM_ForcedOC3Config), (12 bytes).
    Removing stm32f10x_tim.o(i.TIM_ForcedOC4Config), (20 bytes).
    Removing stm32f10x_tim.o(i.TIM_GenerateEvent), (4 bytes).
    Removing stm32f10x_tim.o(i.TIM_GetCapture1), (4 bytes).
    Removing stm32f10x_tim.o(i.TIM_GetCapture2), (4 bytes).
    Removing stm32f10x_tim.o(i.TIM_GetCapture3), (4 bytes).
    Removing stm32f10x_tim.o(i.TIM_GetCapture4), (6 bytes).
    Removing stm32f10x_tim.o(i.TIM_GetCounter), (4 bytes).
    Removing stm32f10x_tim.o(i.TIM_GetFlagStatus), (14 bytes).
    Removing stm32f10x_tim.o(i.TIM_GetITStatus), (24 bytes).
    Removing stm32f10x_tim.o(i.TIM_GetPrescaler), (4 bytes).
    Removing stm32f10x_tim.o(i.TIM_ICInit), (140 bytes).
    Removing stm32f10x_tim.o(i.TIM_ICStructInit), (16 bytes).
    Removing stm32f10x_tim.o(i.TIM_ITConfig), (20 bytes).
    Removing stm32f10x_tim.o(i.TIM_ITRxExternalClockConfig), (20 bytes).
    Removing stm32f10x_tim.o(i.TIM_InternalClockConfig), (10 bytes).
    Removing stm32f10x_tim.o(i.TIM_OC1FastConfig), (12 bytes).
    Removing stm32f10x_tim.o(i.TIM_OC1Init), (136 bytes).
    Removing stm32f10x_tim.o(i.TIM_OC1NPolarityConfig), (12 bytes).
    Removing stm32f10x_tim.o(i.TIM_OC1PolarityConfig), (12 bytes).
    Removing stm32f10x_tim.o(i.TIM_OC1PreloadConfig), (12 bytes).
    Removing stm32f10x_tim.o(i.TIM_OC2FastConfig), (20 bytes).
    Removing stm32f10x_tim.o(i.TIM_OC2NPolarityConfig), (20 bytes).
    Removing stm32f10x_tim.o(i.TIM_OC2PolarityConfig), (20 bytes).
    Removing stm32f10x_tim.o(i.TIM_OC3FastConfig), (12 bytes).
    Removing stm32f10x_tim.o(i.TIM_OC3Init), (132 bytes).
    Removing stm32f10x_tim.o(i.TIM_OC3NPolarityConfig), (20 bytes).
    Removing stm32f10x_tim.o(i.TIM_OC3PolarityConfig), (20 bytes).
    Removing stm32f10x_tim.o(i.TIM_OC3PreloadConfig), (12 bytes).
    Removing stm32f10x_tim.o(i.TIM_OC4FastConfig), (20 bytes).
    Removing stm32f10x_tim.o(i.TIM_OC4Init), (104 bytes).
    Removing stm32f10x_tim.o(i.TIM_OC4PolarityConfig), (20 bytes).
    Removing stm32f10x_tim.o(i.TIM_OC4PreloadConfig), (20 bytes).
    Removing stm32f10x_tim.o(i.TIM_OCStructInit), (20 bytes).
    Removing stm32f10x_tim.o(i.TIM_PWMIConfig), (110 bytes).
    Removing stm32f10x_tim.o(i.TIM_PrescalerConfig), (6 bytes).
    Removing stm32f10x_tim.o(i.TIM_SelectCCDMA), (24 bytes).
    Removing stm32f10x_tim.o(i.TIM_SelectCOM), (24 bytes).
    Removing stm32f10x_tim.o(i.TIM_SelectHallSensor), (24 bytes).
    Removing stm32f10x_tim.o(i.TIM_SelectInputTrigger), (12 bytes).
    Removing stm32f10x_tim.o(i.TIM_SelectMasterSlaveMode), (16 bytes).
    Removing stm32f10x_tim.o(i.TIM_SelectOCxM), (76 bytes).
    Removing stm32f10x_tim.o(i.TIM_SelectOnePulseMode), (16 bytes).
    Removing stm32f10x_tim.o(i.TIM_SelectOutputTrigger), (16 bytes).
    Removing stm32f10x_tim.o(i.TIM_SelectSlaveMode), (16 bytes).
    Removing stm32f10x_tim.o(i.TIM_SetAutoreload), (4 bytes).
    Removing stm32f10x_tim.o(i.TIM_SetClockDivision), (16 bytes).
    Removing stm32f10x_tim.o(i.TIM_SetCompare1), (4 bytes).
    Removing stm32f10x_tim.o(i.TIM_SetCompare3), (4 bytes).
    Removing stm32f10x_tim.o(i.TIM_SetCompare4), (6 bytes).
    Removing stm32f10x_tim.o(i.TIM_SetCounter), (4 bytes).
    Removing stm32f10x_tim.o(i.TIM_SetIC1Prescaler), (16 bytes).
    Removing stm32f10x_tim.o(i.TIM_SetIC2Prescaler), (24 bytes).
    Removing stm32f10x_tim.o(i.TIM_SetIC3Prescaler), (16 bytes).
    Removing stm32f10x_tim.o(i.TIM_SetIC4Prescaler), (24 bytes).
    Removing stm32f10x_tim.o(i.TIM_TIxExternalClockConfig), (48 bytes).
    Removing stm32f10x_tim.o(i.TIM_TimeBaseStructInit), (18 bytes).
    Removing stm32f10x_tim.o(i.TIM_UpdateDisableConfig), (24 bytes).
    Removing stm32f10x_tim.o(i.TIM_UpdateRequestConfig), (24 bytes).
    Removing stm32f10x_usart.o(i.USART_ClearITPendingBit), (16 bytes).
    Removing stm32f10x_usart.o(i.USART_ClockInit), (30 bytes).
    Removing stm32f10x_usart.o(i.USART_ClockStructInit), (12 bytes).
    Removing stm32f10x_usart.o(i.USART_DMACmd), (20 bytes).
    Removing stm32f10x_usart.o(i.USART_HalfDuplexCmd), (24 bytes).
    Removing stm32f10x_usart.o(i.USART_IrDACmd), (24 bytes).
    Removing stm32f10x_usart.o(i.USART_IrDAConfig), (16 bytes).
    Removing stm32f10x_usart.o(i.USART_LINBreakDetectLengthConfig), (16 bytes).
    Removing stm32f10x_usart.o(i.USART_LINCmd), (24 bytes).
    Removing stm32f10x_usart.o(i.USART_OneBitMethodCmd), (24 bytes).
    Removing stm32f10x_usart.o(i.USART_OverSampling8Cmd), (24 bytes).
    Removing stm32f10x_usart.o(i.USART_ReceiverWakeUpCmd), (24 bytes).
    Removing stm32f10x_usart.o(i.USART_SendBreak), (10 bytes).
    Removing stm32f10x_usart.o(i.USART_SetAddress), (16 bytes).
    Removing stm32f10x_usart.o(i.USART_SetGuardTime), (16 bytes).
    Removing stm32f10x_usart.o(i.USART_SetPrescaler), (16 bytes).
    Removing stm32f10x_usart.o(i.USART_SmartCardCmd), (24 bytes).
    Removing stm32f10x_usart.o(i.USART_SmartCardNACKCmd), (24 bytes).
    Removing stm32f10x_usart.o(i.USART_StructInit), (22 bytes).
    Removing stm32f10x_usart.o(i.USART_WakeUpConfig), (16 bytes).
    Removing stm32f10x_iwdg.o(i.IWDG_Enable), (16 bytes).
    Removing stm32f10x_iwdg.o(i.IWDG_GetFlagStatus), (20 bytes).
    Removing stm32f10x_iwdg.o(i.IWDG_ReloadCounter), (16 bytes).
    Removing stm32f10x_iwdg.o(i.IWDG_SetPrescaler), (12 bytes).
    Removing stm32f10x_iwdg.o(i.IWDG_SetReload), (12 bytes).
    Removing stm32f10x_iwdg.o(i.IWDG_WriteAccessCmd), (12 bytes).
    Removing stm32f10x_wwdg.o(i.WWDG_ClearFlag), (12 bytes).
    Removing stm32f10x_wwdg.o(i.WWDG_DeInit), (24 bytes).
    Removing stm32f10x_wwdg.o(i.WWDG_Enable), (16 bytes).
    Removing stm32f10x_wwdg.o(i.WWDG_EnableIT), (12 bytes).
    Removing stm32f10x_wwdg.o(i.WWDG_GetFlagStatus), (12 bytes).
    Removing stm32f10x_wwdg.o(i.WWDG_SetCounter), (16 bytes).
    Removing stm32f10x_wwdg.o(i.WWDG_SetPrescaler), (20 bytes).
    Removing stm32f10x_wwdg.o(i.WWDG_SetWindowValue), (32 bytes).
    Removing stm32f10x_bkp.o(i.BKP_ClearFlag), (16 bytes).
    Removing stm32f10x_bkp.o(i.BKP_ClearITPendingBit), (16 bytes).
    Removing stm32f10x_bkp.o(i.BKP_GetFlagStatus), (12 bytes).
    Removing stm32f10x_bkp.o(i.BKP_GetITStatus), (12 bytes).
    Removing stm32f10x_bkp.o(i.BKP_ITConfig), (12 bytes).
    Removing stm32f10x_bkp.o(i.BKP_RTCOutputConfig), (20 bytes).
    Removing stm32f10x_bkp.o(i.BKP_SetRTCCalibrationValue), (20 bytes).
    Removing stm32f10x_bkp.o(i.BKP_TamperPinCmd), (12 bytes).
    Removing stm32f10x_bkp.o(i.BKP_TamperPinLevelConfig), (12 bytes).
    Removing stm32f10x_pwr.o(i.PWR_ClearFlag), (16 bytes).
    Removing stm32f10x_pwr.o(i.PWR_DeInit), (24 bytes).
    Removing stm32f10x_pwr.o(i.PWR_EnterSTANDBYMode), (40 bytes).
    Removing stm32f10x_pwr.o(i.PWR_EnterSTOPMode), (52 bytes).
    Removing stm32f10x_pwr.o(i.PWR_GetFlagStatus), (20 bytes).
    Removing stm32f10x_pwr.o(i.PWR_PVDCmd), (12 bytes).
    Removing stm32f10x_pwr.o(i.PWR_PVDLevelConfig), (20 bytes).
    Removing stm32f10x_pwr.o(i.PWR_WakeUpPinCmd), (12 bytes).
    Removing stm32f10x_adc.o(i.ADC_AnalogWatchdogCmd), (16 bytes).
    Removing stm32f10x_adc.o(i.ADC_AnalogWatchdogSingleChannelConfig), (12 bytes).
    Removing stm32f10x_adc.o(i.ADC_AnalogWatchdogThresholdsConfig), (6 bytes).
    Removing stm32f10x_adc.o(i.ADC_AutoInjectedConvCmd), (24 bytes).
    Removing stm32f10x_adc.o(i.ADC_ClearFlag), (6 bytes).
    Removing stm32f10x_adc.o(i.ADC_ClearITPendingBit), (8 bytes).
    Removing stm32f10x_adc.o(i.ADC_Cmd), (24 bytes).
    Removing stm32f10x_adc.o(i.ADC_DMACmd), (24 bytes).
    Removing stm32f10x_adc.o(i.ADC_DeInit), (100 bytes).
    Removing stm32f10x_adc.o(i.ADC_DiscModeChannelCountConfig), (16 bytes).
    Removing stm32f10x_adc.o(i.ADC_DiscModeCmd), (24 bytes).
    Removing stm32f10x_adc.o(i.ADC_ExternalTrigConvCmd), (24 bytes).
    Removing stm32f10x_adc.o(i.ADC_ExternalTrigInjectedConvCmd), (24 bytes).
    Removing stm32f10x_adc.o(i.ADC_ExternalTrigInjectedConvConfig), (12 bytes).
    Removing stm32f10x_adc.o(i.ADC_GetCalibrationStatus), (14 bytes).
    Removing stm32f10x_adc.o(i.ADC_GetConversionValue), (6 bytes).
    Removing stm32f10x_adc.o(i.ADC_GetDualModeConversionValue), (12 bytes).
    Removing stm32f10x_adc.o(i.ADC_GetFlagStatus), (14 bytes).
    Removing stm32f10x_adc.o(i.ADC_GetITStatus), (28 bytes).
    Removing stm32f10x_adc.o(i.ADC_GetInjectedConversionValue), (20 bytes).
    Removing stm32f10x_adc.o(i.ADC_GetResetCalibrationStatus), (14 bytes).
    Removing stm32f10x_adc.o(i.ADC_GetSoftwareStartConvStatus), (14 bytes).
    Removing stm32f10x_adc.o(i.ADC_GetSoftwareStartInjectedConvCmdStatus), (14 bytes).
    Removing stm32f10x_adc.o(i.ADC_ITConfig), (22 bytes).
    Removing stm32f10x_adc.o(i.ADC_Init), (72 bytes).
    Removing stm32f10x_adc.o(i.ADC_InjectedChannelConfig), (74 bytes).
    Removing stm32f10x_adc.o(i.ADC_InjectedDiscModeCmd), (24 bytes).
    Removing stm32f10x_adc.o(i.ADC_InjectedSequencerLengthConfig), (16 bytes).
    Removing stm32f10x_adc.o(i.ADC_RegularChannelConfig), (116 bytes).
    Removing stm32f10x_adc.o(i.ADC_ResetCalibration), (10 bytes).
    Removing stm32f10x_adc.o(i.ADC_SetInjectedOffset), (16 bytes).
    Removing stm32f10x_adc.o(i.ADC_SoftwareStartConvCmd), (24 bytes).
    Removing stm32f10x_adc.o(i.ADC_SoftwareStartInjectedConvCmd), (24 bytes).
    Removing stm32f10x_adc.o(i.ADC_StartCalibration), (10 bytes).
    Removing stm32f10x_adc.o(i.ADC_StructInit), (18 bytes).
    Removing stm32f10x_adc.o(i.ADC_TempSensorVrefintCmd), (32 bytes).
    Removing stm32f10x_dma.o(i.DMA_ClearFlag), (24 bytes).
    Removing stm32f10x_dma.o(i.DMA_ClearITPendingBit), (24 bytes).
    Removing stm32f10x_dma.o(i.DMA_Cmd), (26 bytes).
    Removing stm32f10x_dma.o(i.DMA_DeInit), (248 bytes).
    Removing stm32f10x_dma.o(i.DMA_GetCurrDataCounter), (6 bytes).
    Removing stm32f10x_dma.o(i.DMA_GetFlagStatus), (36 bytes).
    Removing stm32f10x_dma.o(i.DMA_GetITStatus), (36 bytes).
    Removing stm32f10x_dma.o(i.DMA_ITConfig), (20 bytes).
    Removing stm32f10x_dma.o(i.DMA_Init), (58 bytes).
    Removing stm32f10x_dma.o(i.DMA_SetCurrDataCounter), (4 bytes).
    Removing stm32f10x_dma.o(i.DMA_StructInit), (26 bytes).
    Removing stm32f10x_rtc.o(i.RTC_ClearFlag), (16 bytes).
    Removing stm32f10x_rtc.o(i.RTC_GetDivider), (24 bytes).
    Removing stm32f10x_rtc.o(i.RTC_GetFlagStatus), (20 bytes).
    Removing stm32f10x_rtc.o(i.RTC_SetAlarm), (32 bytes).
    Removing system_stm32f10x.o(i.SystemCoreClockUpdate), (124 bytes).
    Removing system_stm32f10x.o(.data), (20 bytes).
    Removing core_cm3.o(.emb_text), (32 bytes).
    Removing led.o(i.LED_Init), (300 bytes).
    Removing led.o(i.LED_Write_Data), (64 bytes).
    Removing oled.o(i.OLED_Display_Off), (30 bytes).
    Removing oled.o(i.OLED_Display_On), (30 bytes).
    Removing oled.o(i.OLED_DrawBMP), (70 bytes).
    Removing oled.o(i.OLED_DrawLine), (142 bytes).
    Removing oled.o(i.OLED_DrawRectangle), (74 bytes).
    Removing oled.o(i.OLED_Draw_Bigpoint), (70 bytes).
    Removing oled.o(i.OLED_Draw_Circle), (176 bytes).
    Removing oled.o(i.OLED_Draw_ellipse), (248 bytes).
    Removing oled.o(i.OLED_Draw_hline), (30 bytes).
    Removing oled.o(i.OLED_Draw_vline), (30 bytes).
    Removing oled.o(i.OLED_Fill), (52 bytes).
    Removing oled.o(i.OLED_Fill_circle), (184 bytes).
    Removing oled.o(i.OLED_Fill_rectangle), (32 bytes).
    Removing oled.o(i.OLED_Set_Pos), (44 bytes).
    Removing key.o(i.KEY_Init), (96 bytes).
    Removing key.o(i.KEY_Scan), (144 bytes).
    Removing key.o(.data), (1 bytes).
    Removing 24cxx.o(i.AT24CXX_Read), (34 bytes).
    Removing 24cxx.o(i.AT24CXX_ReadLenByte), (42 bytes).
    Removing 24cxx.o(i.AT24CXX_Write), (32 bytes).
    Removing 24cxx.o(i.AT24CXX_WriteLenByte), (42 bytes).
    Removing rtc.o(i.RTC_Alarm_Set), (208 bytes).
    Removing rtc.o(.constdata), (12 bytes).

263 unused section(s) (total 9609 bytes) removed from the image.

==============================================================================

Image Symbol Table

    Local Symbols

    Symbol Name                              Value     Ov Type        Size  Object(Section)

    ../clib/microlib/division.c              0x00000000   Number         0  uldiv.o ABSOLUTE
    ../clib/microlib/division.c              0x00000000   Number         0  uidiv.o ABSOLUTE
    ../clib/microlib/init/entry.s            0x00000000   Number         0  entry7b.o ABSOLUTE
    ../clib/microlib/init/entry.s            0x00000000   Number         0  entry10a.o ABSOLUTE
    ../clib/microlib/init/entry.s            0x00000000   Number         0  entry2.o ABSOLUTE
    ../clib/microlib/init/entry.s            0x00000000   Number         0  entry9b.o ABSOLUTE
    ../clib/microlib/init/entry.s            0x00000000   Number         0  entry9a.o ABSOLUTE
    ../clib/microlib/init/entry.s            0x00000000   Number         0  entry8b.o ABSOLUTE
    ../clib/microlib/init/entry.s            0x00000000   Number         0  entry8a.o ABSOLUTE
    ../clib/microlib/init/entry.s            0x00000000   Number         0  entry12a.o ABSOLUTE
    ../clib/microlib/init/entry.s            0x00000000   Number         0  entry7a.o ABSOLUTE
    ../clib/microlib/init/entry.s            0x00000000   Number         0  entry5.o ABSOLUTE
    ../clib/microlib/init/entry.s            0x00000000   Number         0  entry11b.o ABSOLUTE
    ../clib/microlib/init/entry.s            0x00000000   Number         0  entry11a.o ABSOLUTE
    ../clib/microlib/init/entry.s            0x00000000   Number         0  entry10b.o ABSOLUTE
    ../clib/microlib/init/entry.s            0x00000000   Number         0  entry12b.o ABSOLUTE
    ../clib/microlib/init/entry.s            0x00000000   Number         0  entry.o ABSOLUTE
    ../clib/microlib/longlong.c              0x00000000   Number         0  llsshr.o ABSOLUTE
    ../clib/microlib/longlong.c              0x00000000   Number         0  llushr.o ABSOLUTE
    ../clib/microlib/longlong.c              0x00000000   Number         0  llshl.o ABSOLUTE
    ../clib/microlib/printf/printf.c         0x00000000   Number         0  printfa.o ABSOLUTE
    ../clib/microlib/printf/printf.c         0x00000000   Number         0  printfb.o ABSOLUTE
    ../clib/microlib/printf/printf.c         0x00000000   Number         0  printf0.o ABSOLUTE
    ../clib/microlib/printf/printf.c         0x00000000   Number         0  printf1.o ABSOLUTE
    ../clib/microlib/printf/printf.c         0x00000000   Number         0  printf2.o ABSOLUTE
    ../clib/microlib/printf/printf.c         0x00000000   Number         0  printf8.o ABSOLUTE
    ../clib/microlib/printf/printf.c         0x00000000   Number         0  printf7.o ABSOLUTE
    ../clib/microlib/printf/printf.c         0x00000000   Number         0  printf4.o ABSOLUTE
    ../clib/microlib/printf/printf.c         0x00000000   Number         0  printf5.o ABSOLUTE
    ../clib/microlib/printf/printf.c         0x00000000   Number         0  printf6.o ABSOLUTE
    ../clib/microlib/printf/printf.c         0x00000000   Number         0  printf3.o ABSOLUTE
    ../clib/microlib/printf/stubs.s          0x00000000   Number         0  stubs.o ABSOLUTE
    ../clib/microlib/stdio/streams.c         0x00000000   Number         0  stdout.o ABSOLUTE
    ../clib/microlib/string/strlen.c         0x00000000   Number         0  strlen.o ABSOLUTE
    ../clib/microlib/stubs.s                 0x00000000   Number         0  iusefp.o ABSOLUTE
    ../fplib/microlib/fpadd.c                0x00000000   Number         0  dadd.o ABSOLUTE
    ../fplib/microlib/fpdiv.c                0x00000000   Number         0  ddiv.o ABSOLUTE
    ../fplib/microlib/fpepilogue.c           0x00000000   Number         0  depilogue.o ABSOLUTE
    ../fplib/microlib/fpfix.c                0x00000000   Number         0  dfixul.o ABSOLUTE
    ../fplib/microlib/fpmul.c                0x00000000   Number         0  dmul.o ABSOLUTE
    APP\24Cxx\24cxx.c                        0x00000000   Number         0  24cxx.o ABSOLUTE
    APP\iic\iic.c                            0x00000000   Number         0  iic.o ABSOLUTE
    APP\key.c                                0x00000000   Number         0  key.o ABSOLUTE
    APP\kongtiao.c                           0x00000000   Number         0  kongtiao.o ABSOLUTE
    APP\led\led.c                            0x00000000   Number         0  led.o ABSOLUTE
    APP\oled\oled.c                          0x00000000   Number         0  oled.o ABSOLUTE
    APP\rtc\rtc.c                            0x00000000   Number         0  rtc.o ABSOLUTE
    APP\usart3\usart3.c                      0x00000000   Number         0  usart3.o ABSOLUTE
    Libraries\CMSIS\core_cm3.c               0x00000000   Number         0  core_cm3.o ABSOLUTE
    Libraries\CMSIS\startup_stm32f10x_md.s   0x00000000   Number         0  startup_stm32f10x_md.o ABSOLUTE
    Libraries\CMSIS\system_stm32f10x.c       0x00000000   Number         0  system_stm32f10x.o ABSOLUTE
    Libraries\STM32F10x_StdPeriph_Driver\src\misc.c 0x00000000   Number         0  misc.o ABSOLUTE
    Libraries\STM32F10x_StdPeriph_Driver\src\stm32f10x_adc.c 0x00000000   Number         0  stm32f10x_adc.o ABSOLUTE
    Libraries\STM32F10x_StdPeriph_Driver\src\stm32f10x_bkp.c 0x00000000   Number         0  stm32f10x_bkp.o ABSOLUTE
    Libraries\STM32F10x_StdPeriph_Driver\src\stm32f10x_dma.c 0x00000000   Number         0  stm32f10x_dma.o ABSOLUTE
    Libraries\STM32F10x_StdPeriph_Driver\src\stm32f10x_exti.c 0x00000000   Number         0  stm32f10x_exti.o ABSOLUTE
    Libraries\STM32F10x_StdPeriph_Driver\src\stm32f10x_gpio.c 0x00000000   Number         0  stm32f10x_gpio.o ABSOLUTE
    Libraries\STM32F10x_StdPeriph_Driver\src\stm32f10x_iwdg.c 0x00000000   Number         0  stm32f10x_iwdg.o ABSOLUTE
    Libraries\STM32F10x_StdPeriph_Driver\src\stm32f10x_pwr.c 0x00000000   Number         0  stm32f10x_pwr.o ABSOLUTE
    Libraries\STM32F10x_StdPeriph_Driver\src\stm32f10x_rcc.c 0x00000000   Number         0  stm32f10x_rcc.o ABSOLUTE
    Libraries\STM32F10x_StdPeriph_Driver\src\stm32f10x_rtc.c 0x00000000   Number         0  stm32f10x_rtc.o ABSOLUTE
    Libraries\STM32F10x_StdPeriph_Driver\src\stm32f10x_tim.c 0x00000000   Number         0  stm32f10x_tim.o ABSOLUTE
    Libraries\STM32F10x_StdPeriph_Driver\src\stm32f10x_usart.c 0x00000000   Number         0  stm32f10x_usart.o ABSOLUTE
    Libraries\STM32F10x_StdPeriph_Driver\src\stm32f10x_wwdg.c 0x00000000   Number         0  stm32f10x_wwdg.o ABSOLUTE
    Libraries\\CMSIS\\core_cm3.c             0x00000000   Number         0  core_cm3.o ABSOLUTE
    Public\SysTick.c                         0x00000000   Number         0  systick.o ABSOLUTE
    Public\system.c                          0x00000000   Number         0  system.o ABSOLUTE
    Public\usart.c                           0x00000000   Number         0  usart.o ABSOLUTE
    User\main.c                              0x00000000   Number         0  main.o ABSOLUTE
    User\stm32f10x_it.c                      0x00000000   Number         0  stm32f10x_it.o ABSOLUTE
    cdrcmple.s                               0x00000000   Number         0  cdrcmple.o ABSOLUTE
    dc.s                                     0x00000000   Number         0  dc.o ABSOLUTE
    handlers.s                               0x00000000   Number         0  handlers.o ABSOLUTE
    init.s                                   0x00000000   Number         0  init.o ABSOLUTE
    RESET                                    0x08000000   Section      236  startup_stm32f10x_md.o(RESET)
    .ARM.Collect$$$$00000000                 0x080000ec   Section        0  entry.o(.ARM.Collect$$$$00000000)
    .ARM.Collect$$$$00000001                 0x080000ec   Section        4  entry2.o(.ARM.Collect$$$$00000001)
    .ARM.Collect$$$$00000004                 0x080000f0   Section        4  entry5.o(.ARM.Collect$$$$00000004)
    .ARM.Collect$$$$00000008                 0x080000f4   Section        0  entry7b.o(.ARM.Collect$$$$00000008)
    .ARM.Collect$$$$0000000A                 0x080000f4   Section        0  entry8b.o(.ARM.Collect$$$$0000000A)
    .ARM.Collect$$$$0000000B                 0x080000f4   Section        8  entry9a.o(.ARM.Collect$$$$0000000B)
    .ARM.Collect$$$$0000000E                 0x080000fc   Section        4  entry12b.o(.ARM.Collect$$$$0000000E)
    .ARM.Collect$$$$0000000F                 0x08000100   Section        0  entry10a.o(.ARM.Collect$$$$0000000F)
    .ARM.Collect$$$$00000011                 0x08000100   Section        0  entry11a.o(.ARM.Collect$$$$00000011)
    .ARM.Collect$$$$00002712                 0x08000100   Section        4  entry2.o(.ARM.Collect$$$$00002712)
    __lit__00000000                          0x08000100   Data           4  entry2.o(.ARM.Collect$$$$00002712)
    .text                                    0x08000104   Section       36  startup_stm32f10x_md.o(.text)
    .text                                    0x08000128   Section        0  strlen.o(.text)
    .text                                    0x08000136   Section        0  uidiv.o(.text)
    .text                                    0x08000162   Section        0  uldiv.o(.text)
    .text                                    0x080001c4   Section        0  iusefp.o(.text)
    .text                                    0x080001c4   Section        0  dadd.o(.text)
    .text                                    0x08000312   Section        0  dmul.o(.text)
    .text                                    0x080003f6   Section        0  ddiv.o(.text)
    .text                                    0x080004d4   Section        0  dfixul.o(.text)
    .text                                    0x08000504   Section       48  cdrcmple.o(.text)
    .text                                    0x08000534   Section       36  init.o(.text)
    .text                                    0x08000558   Section        0  llshl.o(.text)
    .text                                    0x08000576   Section        0  llushr.o(.text)
    .text                                    0x08000596   Section        0  llsshr.o(.text)
    .text                                    0x080005ba   Section        0  depilogue.o(.text)
    i.AT24CXX_Check                          0x08000674   Section        0  24cxx.o(i.AT24CXX_Check)
    i.AT24CXX_Init                           0x080006a2   Section        0  24cxx.o(i.AT24CXX_Init)
    i.AT24CXX_ReadOneByte                    0x080006a6   Section        0  24cxx.o(i.AT24CXX_ReadOneByte)
    i.AT24CXX_WriteOneByte                   0x080006ea   Section        0  24cxx.o(i.AT24CXX_WriteOneByte)
    i.BKP_DeInit                             0x0800072a   Section        0  stm32f10x_bkp.o(i.BKP_DeInit)
    i.BKP_ReadBackupRegister                 0x0800073c   Section        0  stm32f10x_bkp.o(i.BKP_ReadBackupRegister)
    i.BKP_WriteBackupRegister                0x08000750   Section        0  stm32f10x_bkp.o(i.BKP_WriteBackupRegister)
    i.BusFault_Handler                       0x08000764   Section        0  stm32f10x_it.o(i.BusFault_Handler)
    i.DebugMon_Handler                       0x08000766   Section        0  stm32f10x_it.o(i.DebugMon_Handler)
    i.GPIO_Init                              0x08000768   Section        0  stm32f10x_gpio.o(i.GPIO_Init)
    i.GPIO_ReadInputDataBit                  0x0800080e   Section        0  stm32f10x_gpio.o(i.GPIO_ReadInputDataBit)
    i.GPIO_ResetBits                         0x0800081c   Section        0  stm32f10x_gpio.o(i.GPIO_ResetBits)
    i.GPIO_SetBits                           0x08000820   Section        0  stm32f10x_gpio.o(i.GPIO_SetBits)
    i.HardFault_Handler                      0x08000824   Section        0  stm32f10x_it.o(i.HardFault_Handler)
    i.IIC_Ack                                0x08000828   Section        0  iic.o(i.IIC_Ack)
    i.IIC_Init                               0x08000850   Section        0  iic.o(i.IIC_Init)
    i.IIC_NAck                               0x08000898   Section        0  iic.o(i.IIC_NAck)
    i.IIC_Read_Byte                          0x080008c0   Section        0  iic.o(i.IIC_Read_Byte)
    i.IIC_Send_Byte                          0x0800091c   Section        0  iic.o(i.IIC_Send_Byte)
    i.IIC_Start                              0x08000970   Section        0  iic.o(i.IIC_Start)
    i.IIC_Stop                               0x08000998   Section        0  iic.o(i.IIC_Stop)
    i.IIC_Wait_Ack                           0x080009c0   Section        0  iic.o(i.IIC_Wait_Ack)
    i.Is_Leap_Year                           0x08000a04   Section        0  rtc.o(i.Is_Leap_Year)
    i.KEY_Matrix_Init                        0x08000a34   Section        0  key.o(i.KEY_Matrix_Init)
    i.KEY_Matrix_Scan                        0x08000b04   Section        0  key.o(i.KEY_Matrix_Scan)
    i.Lead_Code                              0x08000e50   Section        0  kongtiao.o(i.Lead_Code)
    i.MemManage_Handler                      0x08000e78   Section        0  stm32f10x_it.o(i.MemManage_Handler)
    i.NMI_Handler                            0x08000e7a   Section        0  stm32f10x_it.o(i.NMI_Handler)
    i.NVIC_Init                              0x08000e7c   Section        0  misc.o(i.NVIC_Init)
    i.NVIC_PriorityGroupConfig               0x08000ee0   Section        0  misc.o(i.NVIC_PriorityGroupConfig)
    i.Normal_Code                            0x08000ef4   Section        0  kongtiao.o(i.Normal_Code)
    i.OLED_Clear                             0x08000f64   Section        0  oled.o(i.OLED_Clear)
    i.OLED_DrawPoint                         0x08000f90   Section        0  oled.o(i.OLED_DrawPoint)
    i.OLED_Init                              0x08000fcc   Section        0  oled.o(i.OLED_Init)
    i.OLED_Refresh_Gram                      0x080010a4   Section        0  oled.o(i.OLED_Refresh_Gram)
    i.OLED_ShowChar                          0x080010e8   Section        0  oled.o(i.OLED_ShowChar)
    i.OLED_ShowFontHZ                        0x080011b0   Section        0  oled.o(i.OLED_ShowFontHZ)
    i.OLED_ShowNum                           0x08001264   Section        0  oled.o(i.OLED_ShowNum)
    i.OLED_ShowString                        0x080012e2   Section        0  oled.o(i.OLED_ShowString)
    i.OLED_WR_Byte                           0x08001330   Section        0  oled.o(i.OLED_WR_Byte)
    i.PWR_BackupAccessCmd                    0x0800133c   Section        0  stm32f10x_pwr.o(i.PWR_BackupAccessCmd)
    i.PendSV_Handler                         0x08001348   Section        0  stm32f10x_it.o(i.PendSV_Handler)
    i.RCC_APB1PeriphClockCmd                 0x0800134c   Section        0  stm32f10x_rcc.o(i.RCC_APB1PeriphClockCmd)
    i.RCC_APB1PeriphResetCmd                 0x08001368   Section        0  stm32f10x_rcc.o(i.RCC_APB1PeriphResetCmd)
    i.RCC_APB2PeriphClockCmd                 0x08001384   Section        0  stm32f10x_rcc.o(i.RCC_APB2PeriphClockCmd)
    i.RCC_APB2PeriphResetCmd                 0x080013a0   Section        0  stm32f10x_rcc.o(i.RCC_APB2PeriphResetCmd)
    i.RCC_BackupResetCmd                     0x080013bc   Section        0  stm32f10x_rcc.o(i.RCC_BackupResetCmd)
    i.RCC_GetClocksFreq                      0x080013c8   Section        0  stm32f10x_rcc.o(i.RCC_GetClocksFreq)
    i.RCC_GetFlagStatus                      0x08001474   Section        0  stm32f10x_rcc.o(i.RCC_GetFlagStatus)
    i.RCC_LSEConfig                          0x080014a4   Section        0  stm32f10x_rcc.o(i.RCC_LSEConfig)
    i.RCC_RTCCLKCmd                          0x080014cc   Section        0  stm32f10x_rcc.o(i.RCC_RTCCLKCmd)
    i.RCC_RTCCLKConfig                       0x080014d8   Section        0  stm32f10x_rcc.o(i.RCC_RTCCLKConfig)
    i.RTC_ClearITPendingBit                  0x080014e8   Section        0  stm32f10x_rtc.o(i.RTC_ClearITPendingBit)
    i.RTC_EnterConfigMode                    0x080014f8   Section        0  stm32f10x_rtc.o(i.RTC_EnterConfigMode)
    i.RTC_ExitConfigMode                     0x08001508   Section        0  stm32f10x_rtc.o(i.RTC_ExitConfigMode)
    i.RTC_Get                                0x08001518   Section        0  rtc.o(i.RTC_Get)
    i.RTC_GetCounter                         0x080015f4   Section        0  stm32f10x_rtc.o(i.RTC_GetCounter)
    i.RTC_GetITStatus                        0x08001608   Section        0  stm32f10x_rtc.o(i.RTC_GetITStatus)
    i.RTC_Get_Week                           0x08001628   Section        0  rtc.o(i.RTC_Get_Week)
    i.RTC_IRQHandler                         0x08001680   Section        0  rtc.o(i.RTC_IRQHandler)
    i.RTC_ITConfig                           0x08001734   Section        0  stm32f10x_rtc.o(i.RTC_ITConfig)
    i.RTC_Init                               0x08001750   Section        0  rtc.o(i.RTC_Init)
    i.RTC_NVIC_Config                        0x0800180e   Section        0  rtc.o(i.RTC_NVIC_Config)
    RTC_NVIC_Config                          0x0800180f   Thumb Code    32  rtc.o(i.RTC_NVIC_Config)
    i.RTC_Set                                0x08001830   Section        0  rtc.o(i.RTC_Set)
    i.RTC_SetCounter                         0x08001900   Section        0  stm32f10x_rtc.o(i.RTC_SetCounter)
    i.RTC_SetPrescaler                       0x08001920   Section        0  stm32f10x_rtc.o(i.RTC_SetPrescaler)
    i.RTC_WaitForLastTask                    0x08001940   Section        0  stm32f10x_rtc.o(i.RTC_WaitForLastTask)
    i.RTC_WaitForSynchro                     0x08001950   Section        0  stm32f10x_rtc.o(i.RTC_WaitForSynchro)
    i.SDA_IN                                 0x08001968   Section        0  iic.o(i.SDA_IN)
    i.SDA_OUT                                0x08001984   Section        0  iic.o(i.SDA_OUT)
    i.SVC_Handler                            0x080019a8   Section        0  stm32f10x_it.o(i.SVC_Handler)
    i.Send_0_Code                            0x080019aa   Section        0  kongtiao.o(i.Send_0_Code)
    i.Send_1_Code                            0x080019d2   Section        0  kongtiao.o(i.Send_1_Code)
    i.Send_Byte                              0x080019fa   Section        0  kongtiao.o(i.Send_Byte)
    i.SetSysClock                            0x08001a1c   Section        0  system_stm32f10x.o(i.SetSysClock)
    SetSysClock                              0x08001a1d   Thumb Code     4  system_stm32f10x.o(i.SetSysClock)
    i.SetSysClockTo72                        0x08001a20   Section        0  system_stm32f10x.o(i.SetSysClockTo72)
    SetSysClockTo72                          0x08001a21   Thumb Code   166  system_stm32f10x.o(i.SetSysClockTo72)
    i.Stop_Code                              0x08001ad0   Section        0  kongtiao.o(i.Stop_Code)
    i.SysTick_CLKSourceConfig                0x08001af8   Section        0  misc.o(i.SysTick_CLKSourceConfig)
    i.SysTick_Handler                        0x08001b14   Section        0  stm32f10x_it.o(i.SysTick_Handler)
    i.SysTick_Init                           0x08001b18   Section        0  systick.o(i.SysTick_Init)
    i.SystemInit                             0x08001b44   Section        0  system_stm32f10x.o(i.SystemInit)
    i.TIM_Cmd                                0x08001b94   Section        0  stm32f10x_tim.o(i.TIM_Cmd)
    i.TIM_OC2Init                            0x08001bac   Section        0  stm32f10x_tim.o(i.TIM_OC2Init)
    i.TIM_OC2PreloadConfig                   0x08001c34   Section        0  stm32f10x_tim.o(i.TIM_OC2PreloadConfig)
    i.TIM_PWM_Init                           0x08001c48   Section        0  kongtiao.o(i.TIM_PWM_Init)
    i.TIM_SetCompare2                        0x08001cc8   Section        0  stm32f10x_tim.o(i.TIM_SetCompare2)
    i.TIM_TimeBaseInit                       0x08001ccc   Section        0  stm32f10x_tim.o(i.TIM_TimeBaseInit)
    i.USART1_IRQHandler                      0x08001d68   Section        0  usart.o(i.USART1_IRQHandler)
    i.USART1_Init                            0x08001dd4   Section        0  usart.o(i.USART1_Init)
    i.USART3_IRQHandler                      0x08001e84   Section        0  usart3.o(i.USART3_IRQHandler)
    i.USART3_Init                            0x08001ef8   Section        0  usart3.o(i.USART3_Init)
    i.USART_ClearFlag                        0x08001fb0   Section        0  stm32f10x_usart.o(i.USART_ClearFlag)
    i.USART_Cmd                              0x08001fb8   Section        0  stm32f10x_usart.o(i.USART_Cmd)
    i.USART_DeInit                           0x08001fd0   Section        0  stm32f10x_usart.o(i.USART_DeInit)
    i.USART_GetFlagStatus                    0x08002074   Section        0  stm32f10x_usart.o(i.USART_GetFlagStatus)
    i.USART_GetITStatus                      0x08002082   Section        0  stm32f10x_usart.o(i.USART_GetITStatus)
    i.USART_ITConfig                         0x080020c2   Section        0  stm32f10x_usart.o(i.USART_ITConfig)
    i.USART_Init                             0x080020f8   Section        0  stm32f10x_usart.o(i.USART_Init)
    i.USART_ReceiveData                      0x080021b4   Section        0  stm32f10x_usart.o(i.USART_ReceiveData)
    i.USART_SendData                         0x080021bc   Section        0  stm32f10x_usart.o(i.USART_SendData)
    i.UsageFault_Handler                     0x080021c4   Section        0  stm32f10x_it.o(i.UsageFault_Handler)
    i.__0printf$1                            0x080021c8   Section        0  printf1.o(i.__0printf$1)
    i.__0vsprintf                            0x080021e8   Section        0  printfa.o(i.__0vsprintf)
    i.__scatterload_copy                     0x0800220c   Section       14  handlers.o(i.__scatterload_copy)
    i.__scatterload_null                     0x0800221a   Section        2  handlers.o(i.__scatterload_null)
    i.__scatterload_zeroinit                 0x0800221c   Section       14  handlers.o(i.__scatterload_zeroinit)
    i._fp_digits                             0x0800222c   Section        0  printfa.o(i._fp_digits)
    _fp_digits                               0x0800222d   Thumb Code   366  printfa.o(i._fp_digits)
    i._printf_core                           0x080023b0   Section        0  printf1.o(i._printf_core)
    _printf_core                             0x080023b1   Thumb Code   336  printf1.o(i._printf_core)
    i._printf_core                           0x08002504   Section        0  printfa.o(i._printf_core)
    _printf_core                             0x08002505   Thumb Code  1704  printfa.o(i._printf_core)
    i._printf_post_padding                   0x08002bb8   Section        0  printfa.o(i._printf_post_padding)
    _printf_post_padding                     0x08002bb9   Thumb Code    36  printfa.o(i._printf_post_padding)
    i._printf_pre_padding                    0x08002bdc   Section        0  printfa.o(i._printf_pre_padding)
    _printf_pre_padding                      0x08002bdd   Thumb Code    46  printfa.o(i._printf_pre_padding)
    i._sputc                                 0x08002c0a   Section        0  printfa.o(i._sputc)
    _sputc                                   0x08002c0b   Thumb Code    10  printfa.o(i._sputc)
    i.bt11_check                             0x08002c14   Section        0  usart3.o(i.bt11_check)
    i.delay_ms                               0x08002c8c   Section        0  systick.o(i.delay_ms)
    i.delay_us                               0x08002cc0   Section        0  systick.o(i.delay_us)
    i.fputc                                  0x08002cf4   Section        0  usart.o(i.fputc)
    i.guangji                                0x08002d18   Section        0  kongtiao.o(i.guangji)
    i.main                                   0x08002dcc   Section        0  main.o(i.main)
    i.oled_pow                               0x08003f20   Section        0  oled.o(i.oled_pow)
    i.u3_printf                              0x08003f30   Section        0  usart3.o(i.u3_printf)
    i.write_iic_cmd                          0x08003f7c   Section        0  oled.o(i.write_iic_cmd)
    i.write_iic_data                         0x08003faa   Section        0  oled.o(i.write_iic_data)
    .constdata                               0x08003fd8   Section     6752  oled.o(.constdata)
    .constdata                               0x08005a38   Section       12  rtc.o(.constdata)
    .data                                    0x20000000   Section       26  main.o(.data)
    .data                                    0x2000001a   Section       20  stm32f10x_rcc.o(.data)
    ADCPrescTable                            0x2000001a   Data           4  stm32f10x_rcc.o(.data)
    APBAHBPrescTable                         0x2000001e   Data          16  stm32f10x_rcc.o(.data)
    .data                                    0x2000002e   Section        2  rtc.o(.data)
    daycnt                                   0x2000002e   Data           2  rtc.o(.data)
    .data                                    0x20000030   Section        2  usart3.o(.data)
    .data                                    0x20000032   Section        4  systick.o(.data)
    fac_us                                   0x20000032   Data           1  systick.o(.data)
    fac_ms                                   0x20000034   Data           2  systick.o(.data)
    .data                                    0x20000036   Section        2  usart.o(.data)
    .data                                    0x20000038   Section        4  stdout.o(.data)
    .bss                                     0x2000003c   Section       18  main.o(.bss)
    .bss                                     0x2000004e   Section     1024  oled.o(.bss)
    .bss                                     0x2000044e   Section       10  rtc.o(.bss)
    .bss                                     0x20000458   Section      200  usart3.o(.bss)
    .bss                                     0x20000520   Section      236  usart.o(.bss)
    STACK                                    0x20000610   Section     1024  startup_stm32f10x_md.o(STACK)

    Global Symbols

    Symbol Name                              Value     Ov Type        Size  Object(Section)

    BuildAttributes$$THM_ISAv4$P$D$K$B$S$PE$A:L22UL41UL21$X:L11$S22US41US21$IEEE1$IW$USESV6$~STKCKD$USESV7$~SHL$OSPACE$ROPI$EBA8$MICROLIB$REQ8$PRES8$EABIv2 0x00000000   Number         0  anon$$obj.o ABSOLUTE
    __ARM_use_no_argv                        0x00000000   Number         0  main.o ABSOLUTE
    _printf_a                                0x00000000   Number         0  stubs.o ABSOLUTE
    _printf_c                                0x00000000   Number         0  stubs.o ABSOLUTE
    _printf_charcount                        0x00000000   Number         0  stubs.o ABSOLUTE
    _printf_d                                0x00000000   Number         0  stubs.o ABSOLUTE
    _printf_e                                0x00000000   Number         0  stubs.o ABSOLUTE
    _printf_f                                0x00000000   Number         0  stubs.o ABSOLUTE
    _printf_flags                            0x00000000   Number         0  stubs.o ABSOLUTE
    _printf_fp_dec                           0x00000000   Number         0  stubs.o ABSOLUTE
    _printf_fp_hex                           0x00000000   Number         0  stubs.o ABSOLUTE
    _printf_g                                0x00000000   Number         0  stubs.o ABSOLUTE
    _printf_i                                0x00000000   Number         0  stubs.o ABSOLUTE
    _printf_int_dec                          0x00000000   Number         0  stubs.o ABSOLUTE
    _printf_l                                0x00000000   Number         0  stubs.o ABSOLUTE
    _printf_lc                               0x00000000   Number         0  stubs.o ABSOLUTE
    _printf_ll                               0x00000000   Number         0  stubs.o ABSOLUTE
    _printf_lld                              0x00000000   Number         0  stubs.o ABSOLUTE
    _printf_lli                              0x00000000   Number         0  stubs.o ABSOLUTE
    _printf_llo                              0x00000000   Number         0  stubs.o ABSOLUTE
    _printf_llu                              0x00000000   Number         0  stubs.o ABSOLUTE
    _printf_llx                              0x00000000   Number         0  stubs.o ABSOLUTE
    _printf_longlong_dec                     0x00000000   Number         0  stubs.o ABSOLUTE
    _printf_longlong_hex                     0x00000000   Number         0  stubs.o ABSOLUTE
    _printf_longlong_oct                     0x00000000   Number         0  stubs.o ABSOLUTE
    _printf_ls                               0x00000000   Number         0  stubs.o ABSOLUTE
    _printf_mbtowc                           0x00000000   Number         0  stubs.o ABSOLUTE
    _printf_n                                0x00000000   Number         0  stubs.o ABSOLUTE
    _printf_o                                0x00000000   Number         0  stubs.o ABSOLUTE
    _printf_p                                0x00000000   Number         0  stubs.o ABSOLUTE
    _printf_percent                          0x00000000   Number         0  stubs.o ABSOLUTE
    _printf_pre_padding                      0x00000000   Number         0  stubs.o ABSOLUTE
    _printf_return_value                     0x00000000   Number         0  stubs.o ABSOLUTE
    _printf_s                                0x00000000   Number         0  stubs.o ABSOLUTE
    _printf_sizespec                         0x00000000   Number         0  stubs.o ABSOLUTE
    _printf_str                              0x00000000   Number         0  stubs.o ABSOLUTE
    _printf_truncate_signed                  0x00000000   Number         0  stubs.o ABSOLUTE
    _printf_truncate_unsigned                0x00000000   Number         0  stubs.o ABSOLUTE
    _printf_u                                0x00000000   Number         0  stubs.o ABSOLUTE
    _printf_wc                               0x00000000   Number         0  stubs.o ABSOLUTE
    _printf_wctomb                           0x00000000   Number         0  stubs.o ABSOLUTE
    _printf_widthprec                        0x00000000   Number         0  stubs.o ABSOLUTE
    _printf_x                                0x00000000   Number         0  stubs.o ABSOLUTE
    __arm_fini_                               - Undefined Weak Reference
    __cpp_initialize__aeabi_                  - Undefined Weak Reference
    __cxa_finalize                            - Undefined Weak Reference
    __decompress                              - Undefined Weak Reference
    _clock_init                               - Undefined Weak Reference
    _microlib_exit                            - Undefined Weak Reference
    __Vectors_Size                           0x000000ec   Number         0  startup_stm32f10x_md.o ABSOLUTE
    __Vectors                                0x08000000   Data           4  startup_stm32f10x_md.o(RESET)
    __Vectors_End                            0x080000ec   Data           0  startup_stm32f10x_md.o(RESET)
    __main                                   0x080000ed   Thumb Code     0  entry.o(.ARM.Collect$$$$00000000)
    _main_stk                                0x080000ed   Thumb Code     0  entry2.o(.ARM.Collect$$$$00000001)
    _main_scatterload                        0x080000f1   Thumb Code     0  entry5.o(.ARM.Collect$$$$00000004)
    __main_after_scatterload                 0x080000f5   Thumb Code     0  entry5.o(.ARM.Collect$$$$00000004)
    _main_clock                              0x080000f5   Thumb Code     0  entry7b.o(.ARM.Collect$$$$00000008)
    _main_cpp_init                           0x080000f5   Thumb Code     0  entry8b.o(.ARM.Collect$$$$0000000A)
    _main_init                               0x080000f5   Thumb Code     0  entry9a.o(.ARM.Collect$$$$0000000B)
    __rt_lib_shutdown_fini                   0x080000fd   Thumb Code     0  entry12b.o(.ARM.Collect$$$$0000000E)
    __rt_final_cpp                           0x08000101   Thumb Code     0  entry10a.o(.ARM.Collect$$$$0000000F)
    __rt_final_exit                          0x08000101   Thumb Code     0  entry11a.o(.ARM.Collect$$$$00000011)
    Reset_Handler                            0x08000105   Thumb Code     8  startup_stm32f10x_md.o(.text)
    ADC1_2_IRQHandler                        0x0800011f   Thumb Code     0  startup_stm32f10x_md.o(.text)
    CAN1_RX1_IRQHandler                      0x0800011f   Thumb Code     0  startup_stm32f10x_md.o(.text)
    CAN1_SCE_IRQHandler                      0x0800011f   Thumb Code     0  startup_stm32f10x_md.o(.text)
    DMA1_Channel1_IRQHandler                 0x0800011f   Thumb Code     0  startup_stm32f10x_md.o(.text)
    DMA1_Channel2_IRQHandler                 0x0800011f   Thumb Code     0  startup_stm32f10x_md.o(.text)
    DMA1_Channel3_IRQHandler                 0x0800011f   Thumb Code     0  startup_stm32f10x_md.o(.text)
    DMA1_Channel4_IRQHandler                 0x0800011f   Thumb Code     0  startup_stm32f10x_md.o(.text)
    DMA1_Channel5_IRQHandler                 0x0800011f   Thumb Code     0  startup_stm32f10x_md.o(.text)
    DMA1_Channel6_IRQHandler                 0x0800011f   Thumb Code     0  startup_stm32f10x_md.o(.text)
    DMA1_Channel7_IRQHandler                 0x0800011f   Thumb Code     0  startup_stm32f10x_md.o(.text)
    EXTI0_IRQHandler                         0x0800011f   Thumb Code     0  startup_stm32f10x_md.o(.text)
    EXTI15_10_IRQHandler                     0x0800011f   Thumb Code     0  startup_stm32f10x_md.o(.text)
    EXTI1_IRQHandler                         0x0800011f   Thumb Code     0  startup_stm32f10x_md.o(.text)
    EXTI2_IRQHandler                         0x0800011f   Thumb Code     0  startup_stm32f10x_md.o(.text)
    EXTI3_IRQHandler                         0x0800011f   Thumb Code     0  startup_stm32f10x_md.o(.text)
    EXTI4_IRQHandler                         0x0800011f   Thumb Code     0  startup_stm32f10x_md.o(.text)
    EXTI9_5_IRQHandler                       0x0800011f   Thumb Code     0  startup_stm32f10x_md.o(.text)
    FLASH_IRQHandler                         0x0800011f   Thumb Code     0  startup_stm32f10x_md.o(.text)
    I2C1_ER_IRQHandler                       0x0800011f   Thumb Code     0  startup_stm32f10x_md.o(.text)
    I2C1_EV_IRQHandler                       0x0800011f   Thumb Code     0  startup_stm32f10x_md.o(.text)
    I2C2_ER_IRQHandler                       0x0800011f   Thumb Code     0  startup_stm32f10x_md.o(.text)
    I2C2_EV_IRQHandler                       0x0800011f   Thumb Code     0  startup_stm32f10x_md.o(.text)
    PVD_IRQHandler                           0x0800011f   Thumb Code     0  startup_stm32f10x_md.o(.text)
    RCC_IRQHandler                           0x0800011f   Thumb Code     0  startup_stm32f10x_md.o(.text)
    RTCAlarm_IRQHandler                      0x0800011f   Thumb Code     0  startup_stm32f10x_md.o(.text)
    SPI1_IRQHandler                          0x0800011f   Thumb Code     0  startup_stm32f10x_md.o(.text)
    SPI2_IRQHandler                          0x0800011f   Thumb Code     0  startup_stm32f10x_md.o(.text)
    TAMPER_IRQHandler                        0x0800011f   Thumb Code     0  startup_stm32f10x_md.o(.text)
    TIM1_BRK_IRQHandler                      0x0800011f   Thumb Code     0  startup_stm32f10x_md.o(.text)
    TIM1_CC_IRQHandler                       0x0800011f   Thumb Code     0  startup_stm32f10x_md.o(.text)
    TIM1_TRG_COM_IRQHandler                  0x0800011f   Thumb Code     0  startup_stm32f10x_md.o(.text)
    TIM1_UP_IRQHandler                       0x0800011f   Thumb Code     0  startup_stm32f10x_md.o(.text)
    TIM2_IRQHandler                          0x0800011f   Thumb Code     0  startup_stm32f10x_md.o(.text)
    TIM3_IRQHandler                          0x0800011f   Thumb Code     0  startup_stm32f10x_md.o(.text)
    TIM4_IRQHandler                          0x0800011f   Thumb Code     0  startup_stm32f10x_md.o(.text)
    USART2_IRQHandler                        0x0800011f   Thumb Code     0  startup_stm32f10x_md.o(.text)
    USBWakeUp_IRQHandler                     0x0800011f   Thumb Code     0  startup_stm32f10x_md.o(.text)
    USB_HP_CAN1_TX_IRQHandler                0x0800011f   Thumb Code     0  startup_stm32f10x_md.o(.text)
    USB_LP_CAN1_RX0_IRQHandler               0x0800011f   Thumb Code     0  startup_stm32f10x_md.o(.text)
    WWDG_IRQHandler                          0x0800011f   Thumb Code     0  startup_stm32f10x_md.o(.text)
    strlen                                   0x08000129   Thumb Code    14  strlen.o(.text)
    __aeabi_uidiv                            0x08000137   Thumb Code     0  uidiv.o(.text)
    __aeabi_uidivmod                         0x08000137   Thumb Code    44  uidiv.o(.text)
    __aeabi_uldivmod                         0x08000163   Thumb Code    98  uldiv.o(.text)
    __I$use$fp                               0x080001c5   Thumb Code     0  iusefp.o(.text)
    __aeabi_dadd                             0x080001c5   Thumb Code   322  dadd.o(.text)
    __aeabi_dsub                             0x08000307   Thumb Code     6  dadd.o(.text)
    __aeabi_drsub                            0x0800030d   Thumb Code     6  dadd.o(.text)
    __aeabi_dmul                             0x08000313   Thumb Code   228  dmul.o(.text)
    __aeabi_ddiv                             0x080003f7   Thumb Code   222  ddiv.o(.text)
    __aeabi_d2ulz                            0x080004d5   Thumb Code    48  dfixul.o(.text)
    __aeabi_cdrcmple                         0x08000505   Thumb Code    48  cdrcmple.o(.text)
    __scatterload                            0x08000535   Thumb Code    28  init.o(.text)
    __scatterload_rt2                        0x08000535   Thumb Code     0  init.o(.text)
    __aeabi_llsl                             0x08000559   Thumb Code    30  llshl.o(.text)
    _ll_shift_l                              0x08000559   Thumb Code     0  llshl.o(.text)
    __aeabi_llsr                             0x08000577   Thumb Code    32  llushr.o(.text)
    _ll_ushift_r                             0x08000577   Thumb Code     0  llushr.o(.text)
    __aeabi_lasr                             0x08000597   Thumb Code    36  llsshr.o(.text)
    _ll_sshift_r                             0x08000597   Thumb Code     0  llsshr.o(.text)
    _double_round                            0x080005bb   Thumb Code    30  depilogue.o(.text)
    _double_epilogue                         0x080005d9   Thumb Code   156  depilogue.o(.text)
    AT24CXX_Check                            0x08000675   Thumb Code    46  24cxx.o(i.AT24CXX_Check)
    AT24CXX_Init                             0x080006a3   Thumb Code     4  24cxx.o(i.AT24CXX_Init)
    AT24CXX_ReadOneByte                      0x080006a7   Thumb Code    68  24cxx.o(i.AT24CXX_ReadOneByte)
    AT24CXX_WriteOneByte                     0x080006eb   Thumb Code    64  24cxx.o(i.AT24CXX_WriteOneByte)
    BKP_DeInit                               0x0800072b   Thumb Code    18  stm32f10x_bkp.o(i.BKP_DeInit)
    BKP_ReadBackupRegister                   0x0800073d   Thumb Code    14  stm32f10x_bkp.o(i.BKP_ReadBackupRegister)
    BKP_WriteBackupRegister                  0x08000751   Thumb Code    14  stm32f10x_bkp.o(i.BKP_WriteBackupRegister)
    BusFault_Handler                         0x08000765   Thumb Code     2  stm32f10x_it.o(i.BusFault_Handler)
    DebugMon_Handler                         0x08000767   Thumb Code     2  stm32f10x_it.o(i.DebugMon_Handler)
    GPIO_Init                                0x08000769   Thumb Code   166  stm32f10x_gpio.o(i.GPIO_Init)
    GPIO_ReadInputDataBit                    0x0800080f   Thumb Code    14  stm32f10x_gpio.o(i.GPIO_ReadInputDataBit)
    GPIO_ResetBits                           0x0800081d   Thumb Code     4  stm32f10x_gpio.o(i.GPIO_ResetBits)
    GPIO_SetBits                             0x08000821   Thumb Code     4  stm32f10x_gpio.o(i.GPIO_SetBits)
    HardFault_Handler                        0x08000825   Thumb Code     2  stm32f10x_it.o(i.HardFault_Handler)
    IIC_Ack                                  0x08000829   Thumb Code    34  iic.o(i.IIC_Ack)
    IIC_Init                                 0x08000851   Thumb Code    62  iic.o(i.IIC_Init)
    IIC_NAck                                 0x08000899   Thumb Code    34  iic.o(i.IIC_NAck)
    IIC_Read_Byte                            0x080008c1   Thumb Code    86  iic.o(i.IIC_Read_Byte)
    IIC_Send_Byte                            0x0800091d   Thumb Code    80  iic.o(i.IIC_Send_Byte)
    IIC_Start                                0x08000971   Thumb Code    34  iic.o(i.IIC_Start)
    IIC_Stop                                 0x08000999   Thumb Code    36  iic.o(i.IIC_Stop)
    IIC_Wait_Ack                             0x080009c1   Thumb Code    64  iic.o(i.IIC_Wait_Ack)
    Is_Leap_Year                             0x08000a05   Thumb Code    46  rtc.o(i.Is_Leap_Year)
    KEY_Matrix_Init                          0x08000a35   Thumb Code   200  key.o(i.KEY_Matrix_Init)
    KEY_Matrix_Scan                          0x08000b05   Thumb Code   834  key.o(i.KEY_Matrix_Scan)
    Lead_Code                                0x08000e51   Thumb Code    40  kongtiao.o(i.Lead_Code)
    MemManage_Handler                        0x08000e79   Thumb Code     2  stm32f10x_it.o(i.MemManage_Handler)
    NMI_Handler                              0x08000e7b   Thumb Code     2  stm32f10x_it.o(i.NMI_Handler)
    NVIC_Init                                0x08000e7d   Thumb Code    96  misc.o(i.NVIC_Init)
    NVIC_PriorityGroupConfig                 0x08000ee1   Thumb Code    10  misc.o(i.NVIC_PriorityGroupConfig)
    Normal_Code                              0x08000ef5   Thumb Code   112  kongtiao.o(i.Normal_Code)
    OLED_Clear                               0x08000f65   Thumb Code    38  oled.o(i.OLED_Clear)
    OLED_DrawPoint                           0x08000f91   Thumb Code    56  oled.o(i.OLED_DrawPoint)
    OLED_Init                                0x08000fcd   Thumb Code   214  oled.o(i.OLED_Init)
    OLED_Refresh_Gram                        0x080010a5   Thumb Code    62  oled.o(i.OLED_Refresh_Gram)
    OLED_ShowChar                            0x080010e9   Thumb Code   186  oled.o(i.OLED_ShowChar)
    OLED_ShowFontHZ                          0x080011b1   Thumb Code   176  oled.o(i.OLED_ShowFontHZ)
    OLED_ShowNum                             0x08001265   Thumb Code   126  oled.o(i.OLED_ShowNum)
    OLED_ShowString                          0x080012e3   Thumb Code    78  oled.o(i.OLED_ShowString)
    OLED_WR_Byte                             0x08001331   Thumb Code    12  oled.o(i.OLED_WR_Byte)
    PWR_BackupAccessCmd                      0x0800133d   Thumb Code     6  stm32f10x_pwr.o(i.PWR_BackupAccessCmd)
    PendSV_Handler                           0x08001349   Thumb Code     2  stm32f10x_it.o(i.PendSV_Handler)
    RCC_APB1PeriphClockCmd                   0x0800134d   Thumb Code    22  stm32f10x_rcc.o(i.RCC_APB1PeriphClockCmd)
    RCC_APB1PeriphResetCmd                   0x08001369   Thumb Code    22  stm32f10x_rcc.o(i.RCC_APB1PeriphResetCmd)
    RCC_APB2PeriphClockCmd                   0x08001385   Thumb Code    22  stm32f10x_rcc.o(i.RCC_APB2PeriphClockCmd)
    RCC_APB2PeriphResetCmd                   0x080013a1   Thumb Code    22  stm32f10x_rcc.o(i.RCC_APB2PeriphResetCmd)
    RCC_BackupResetCmd                       0x080013bd   Thumb Code     6  stm32f10x_rcc.o(i.RCC_BackupResetCmd)
    RCC_GetClocksFreq                        0x080013c9   Thumb Code   154  stm32f10x_rcc.o(i.RCC_GetClocksFreq)
    RCC_GetFlagStatus                        0x08001475   Thumb Code    42  stm32f10x_rcc.o(i.RCC_GetFlagStatus)
    RCC_LSEConfig                            0x080014a5   Thumb Code    34  stm32f10x_rcc.o(i.RCC_LSEConfig)
    RCC_RTCCLKCmd                            0x080014cd   Thumb Code     6  stm32f10x_rcc.o(i.RCC_RTCCLKCmd)
    RCC_RTCCLKConfig                         0x080014d9   Thumb Code    10  stm32f10x_rcc.o(i.RCC_RTCCLKConfig)
    RTC_ClearITPendingBit                    0x080014e9   Thumb Code    10  stm32f10x_rtc.o(i.RTC_ClearITPendingBit)
    RTC_EnterConfigMode                      0x080014f9   Thumb Code    12  stm32f10x_rtc.o(i.RTC_EnterConfigMode)
    RTC_ExitConfigMode                       0x08001509   Thumb Code    12  stm32f10x_rtc.o(i.RTC_ExitConfigMode)
    RTC_Get                                  0x08001519   Thumb Code   204  rtc.o(i.RTC_Get)
    RTC_GetCounter                           0x080015f5   Thumb Code    16  stm32f10x_rtc.o(i.RTC_GetCounter)
    RTC_GetITStatus                          0x08001609   Thumb Code    28  stm32f10x_rtc.o(i.RTC_GetITStatus)
    RTC_Get_Week                             0x08001629   Thumb Code    88  rtc.o(i.RTC_Get_Week)
    RTC_IRQHandler                           0x08001681   Thumb Code   140  rtc.o(i.RTC_IRQHandler)
    RTC_ITConfig                             0x08001735   Thumb Code    22  stm32f10x_rtc.o(i.RTC_ITConfig)
    RTC_Init                                 0x08001751   Thumb Code   190  rtc.o(i.RTC_Init)
    RTC_Set                                  0x08001831   Thumb Code   190  rtc.o(i.RTC_Set)
    RTC_SetCounter                           0x08001901   Thumb Code    26  stm32f10x_rtc.o(i.RTC_SetCounter)
    RTC_SetPrescaler                         0x08001921   Thumb Code    28  stm32f10x_rtc.o(i.RTC_SetPrescaler)
    RTC_WaitForLastTask                      0x08001941   Thumb Code    10  stm32f10x_rtc.o(i.RTC_WaitForLastTask)
    RTC_WaitForSynchro                       0x08001951   Thumb Code    18  stm32f10x_rtc.o(i.RTC_WaitForSynchro)
    SDA_IN                                   0x08001969   Thumb Code    24  iic.o(i.SDA_IN)
    SDA_OUT                                  0x08001985   Thumb Code    30  iic.o(i.SDA_OUT)
    SVC_Handler                              0x080019a9   Thumb Code     2  stm32f10x_it.o(i.SVC_Handler)
    Send_0_Code                              0x080019ab   Thumb Code    40  kongtiao.o(i.Send_0_Code)
    Send_1_Code                              0x080019d3   Thumb Code    40  kongtiao.o(i.Send_1_Code)
    Send_Byte                                0x080019fb   Thumb Code    34  kongtiao.o(i.Send_Byte)
    Stop_Code                                0x08001ad1   Thumb Code    40  kongtiao.o(i.Stop_Code)
    SysTick_CLKSourceConfig                  0x08001af9   Thumb Code    28  misc.o(i.SysTick_CLKSourceConfig)
    SysTick_Handler                          0x08001b15   Thumb Code     2  stm32f10x_it.o(i.SysTick_Handler)
    SysTick_Init                             0x08001b19   Thumb Code    38  systick.o(i.SysTick_Init)
    SystemInit                               0x08001b45   Thumb Code    64  system_stm32f10x.o(i.SystemInit)
    TIM_Cmd                                  0x08001b95   Thumb Code    24  stm32f10x_tim.o(i.TIM_Cmd)
    TIM_OC2Init                              0x08001bad   Thumb Code   128  stm32f10x_tim.o(i.TIM_OC2Init)
    TIM_OC2PreloadConfig                     0x08001c35   Thumb Code    20  stm32f10x_tim.o(i.TIM_OC2PreloadConfig)
    TIM_PWM_Init                             0x08001c49   Thumb Code   124  kongtiao.o(i.TIM_PWM_Init)
    TIM_SetCompare2                          0x08001cc9   Thumb Code     4  stm32f10x_tim.o(i.TIM_SetCompare2)
    TIM_TimeBaseInit                         0x08001ccd   Thumb Code   114  stm32f10x_tim.o(i.TIM_TimeBaseInit)
    USART1_IRQHandler                        0x08001d69   Thumb Code    96  usart.o(i.USART1_IRQHandler)
    USART1_Init                              0x08001dd5   Thumb Code   166  usart.o(i.USART1_Init)
    USART3_IRQHandler                        0x08001e85   Thumb Code   102  usart3.o(i.USART3_IRQHandler)
    USART3_Init                              0x08001ef9   Thumb Code   172  usart3.o(i.USART3_Init)
    USART_ClearFlag                          0x08001fb1   Thumb Code     8  stm32f10x_usart.o(i.USART_ClearFlag)
    USART_Cmd                                0x08001fb9   Thumb Code    24  stm32f10x_usart.o(i.USART_Cmd)
    USART_DeInit                             0x08001fd1   Thumb Code   144  stm32f10x_usart.o(i.USART_DeInit)
    USART_GetFlagStatus                      0x08002075   Thumb Code    14  stm32f10x_usart.o(i.USART_GetFlagStatus)
    USART_GetITStatus                        0x08002083   Thumb Code    64  stm32f10x_usart.o(i.USART_GetITStatus)
    USART_ITConfig                           0x080020c3   Thumb Code    54  stm32f10x_usart.o(i.USART_ITConfig)
    USART_Init                               0x080020f9   Thumb Code   182  stm32f10x_usart.o(i.USART_Init)
    USART_ReceiveData                        0x080021b5   Thumb Code     8  stm32f10x_usart.o(i.USART_ReceiveData)
    USART_SendData                           0x080021bd   Thumb Code     8  stm32f10x_usart.o(i.USART_SendData)
    UsageFault_Handler                       0x080021c5   Thumb Code     2  stm32f10x_it.o(i.UsageFault_Handler)
    __0printf$1                              0x080021c9   Thumb Code    22  printf1.o(i.__0printf$1)
    __1printf$1                              0x080021c9   Thumb Code     0  printf1.o(i.__0printf$1)
    __2printf                                0x080021c9   Thumb Code     0  printf1.o(i.__0printf$1)
    __0vsprintf                              0x080021e9   Thumb Code    30  printfa.o(i.__0vsprintf)
    __1vsprintf                              0x080021e9   Thumb Code     0  printfa.o(i.__0vsprintf)
    __2vsprintf                              0x080021e9   Thumb Code     0  printfa.o(i.__0vsprintf)
    __c89vsprintf                            0x080021e9   Thumb Code     0  printfa.o(i.__0vsprintf)
    vsprintf                                 0x080021e9   Thumb Code     0  printfa.o(i.__0vsprintf)
    __scatterload_copy                       0x0800220d   Thumb Code    14  handlers.o(i.__scatterload_copy)
    __scatterload_null                       0x0800221b   Thumb Code     2  handlers.o(i.__scatterload_null)
    __scatterload_zeroinit                   0x0800221d   Thumb Code    14  handlers.o(i.__scatterload_zeroinit)
    bt11_check                               0x08002c15   Thumb Code   104  usart3.o(i.bt11_check)
    delay_ms                                 0x08002c8d   Thumb Code    46  systick.o(i.delay_ms)
    delay_us                                 0x08002cc1   Thumb Code    46  systick.o(i.delay_us)
    fputc                                    0x08002cf5   Thumb Code    30  usart.o(i.fputc)
    guangji                                  0x08002d19   Thumb Code   178  kongtiao.o(i.guangji)
    main                                     0x08002dcd   Thumb Code  4406  main.o(i.main)
    oled_pow                                 0x08003f21   Thumb Code    16  oled.o(i.oled_pow)
    u3_printf                                0x08003f31   Thumb Code    68  usart3.o(i.u3_printf)
    write_iic_cmd                            0x08003f7d   Thumb Code    46  oled.o(i.write_iic_cmd)
    write_iic_data                           0x08003fab   Thumb Code    46  oled.o(i.write_iic_data)
    ascii_1206                               0x08003fd8   Data        1140  oled.o(.constdata)
    ascii_1608                               0x0800444c   Data        1520  oled.o(.constdata)
    ascii_2412                               0x08004a3c   Data        3420  oled.o(.constdata)
    FontHzk                                  0x08005798   Data         672  oled.o(.constdata)
    mon_table                                0x08005a38   Data          12  rtc.o(.constdata)
    Region$$Table$$Base                      0x08005a44   Number         0  anon$$obj.o(Region$$Table)
    Region$$Table$$Limit                     0x08005a64   Number         0  anon$$obj.o(Region$$Table)
    A                                        0x20000000   Data           1  main.o(.data)
    B                                        0x20000001   Data           1  main.o(.data)
    C                                        0x20000002   Data           1  main.o(.data)
    Bma                                      0x20000003   Data           4  main.o(.data)
    Cmode                                    0x20000007   Data           5  main.o(.data)
    Ctem                                     0x2000000c   Data          14  main.o(.data)
    USART3_RX_STA                            0x20000030   Data           2  usart3.o(.data)
    USART1_RX_STA                            0x20000036   Data           2  usart.o(.data)
    __stdout                                 0x20000038   Data           4  stdout.o(.data)
    MyTime                                   0x2000003c   Data          18  main.o(.bss)
    OLED_GRAM                                0x2000004e   Data        1024  oled.o(.bss)
    calendar                                 0x2000044e   Data          10  rtc.o(.bss)
    USART3_RX_BUF                            0x20000458   Data         100  usart3.o(.bss)
    USART3_TX_BUF                            0x200004bc   Data         100  usart3.o(.bss)
    USART1_RX_BUF                            0x20000520   Data         236  usart.o(.bss)
    __initial_sp                             0x20000a10   Data           0  startup_stm32f10x_md.o(STACK)



==============================================================================

Memory Map of the image

  Image Entry point : 0x080000ed

  Load Region LR_IROM1 (Base: 0x08000000, Size: 0x00005aa0, Max: 0x00010000, ABSOLUTE)

    Execution Region ER_IROM1 (Exec base: 0x08000000, Load base: 0x08000000, Size: 0x00005a64, Max: 0x00010000, ABSOLUTE)

    Exec Addr    Load Addr    Size         Type   Attr      Idx    E Section Name        Object

    0x08000000   0x08000000   0x000000ec   Data   RO          232    RESET               startup_stm32f10x_md.o
    0x080000ec   0x080000ec   0x00000000   Code   RO         2621  * .ARM.Collect$$$$00000000  mc_w.l(entry.o)
    0x080000ec   0x080000ec   0x00000004   Code   RO         2887    .ARM.Collect$$$$00000001  mc_w.l(entry2.o)
    0x080000f0   0x080000f0   0x00000004   Code   RO         2890    .ARM.Collect$$$$00000004  mc_w.l(entry5.o)
    0x080000f4   0x080000f4   0x00000000   Code   RO         2892    .ARM.Collect$$$$00000008  mc_w.l(entry7b.o)
    0x080000f4   0x080000f4   0x00000000   Code   RO         2894    .ARM.Collect$$$$0000000A  mc_w.l(entry8b.o)
    0x080000f4   0x080000f4   0x00000008   Code   RO         2895    .ARM.Collect$$$$0000000B  mc_w.l(entry9a.o)
    0x080000fc   0x080000fc   0x00000004   Code   RO         2902    .ARM.Collect$$$$0000000E  mc_w.l(entry12b.o)
    0x08000100   0x08000100   0x00000000   Code   RO         2897    .ARM.Collect$$$$0000000F  mc_w.l(entry10a.o)
    0x08000100   0x08000100   0x00000000   Code   RO         2899    .ARM.Collect$$$$00000011  mc_w.l(entry11a.o)
    0x08000100   0x08000100   0x00000004   Code   RO         2888    .ARM.Collect$$$$00002712  mc_w.l(entry2.o)
    0x08000104   0x08000104   0x00000024   Code   RO          233    .text               startup_stm32f10x_md.o
    0x08000128   0x08000128   0x0000000e   Code   RO         2624    .text               mc_w.l(strlen.o)
    0x08000136   0x08000136   0x0000002c   Code   RO         2904    .text               mc_w.l(uidiv.o)
    0x08000162   0x08000162   0x00000062   Code   RO         2906    .text               mc_w.l(uldiv.o)
    0x080001c4   0x080001c4   0x00000000   Code   RO         2908    .text               mc_w.l(iusefp.o)
    0x080001c4   0x080001c4   0x0000014e   Code   RO         2909    .text               mf_w.l(dadd.o)
    0x08000312   0x08000312   0x000000e4   Code   RO         2911    .text               mf_w.l(dmul.o)
    0x080003f6   0x080003f6   0x000000de   Code   RO         2913    .text               mf_w.l(ddiv.o)
    0x080004d4   0x080004d4   0x00000030   Code   RO         2915    .text               mf_w.l(dfixul.o)
    0x08000504   0x08000504   0x00000030   Code   RO         2917    .text               mf_w.l(cdrcmple.o)
    0x08000534   0x08000534   0x00000024   Code   RO         2919    .text               mc_w.l(init.o)
    0x08000558   0x08000558   0x0000001e   Code   RO         2921    .text               mc_w.l(llshl.o)
    0x08000576   0x08000576   0x00000020   Code   RO         2923    .text               mc_w.l(llushr.o)
    0x08000596   0x08000596   0x00000024   Code   RO         2925    .text               mc_w.l(llsshr.o)
    0x080005ba   0x080005ba   0x000000ba   Code   RO         2927    .text               mf_w.l(depilogue.o)
    0x08000674   0x08000674   0x0000002e   Code   RO         2328    i.AT24CXX_Check     24cxx.o
    0x080006a2   0x080006a2   0x00000004   Code   RO         2329    i.AT24CXX_Init      24cxx.o
    0x080006a6   0x080006a6   0x00000044   Code   RO         2332    i.AT24CXX_ReadOneByte  24cxx.o
    0x080006ea   0x080006ea   0x00000040   Code   RO         2335    i.AT24CXX_WriteOneByte  24cxx.o
    0x0800072a   0x0800072a   0x00000012   Code   RO         1468    i.BKP_DeInit        stm32f10x_bkp.o
    0x0800073c   0x0800073c   0x00000014   Code   RO         1473    i.BKP_ReadBackupRegister  stm32f10x_bkp.o
    0x08000750   0x08000750   0x00000014   Code   RO         1477    i.BKP_WriteBackupRegister  stm32f10x_bkp.o
    0x08000764   0x08000764   0x00000002   Code   RO          145    i.BusFault_Handler  stm32f10x_it.o
    0x08000766   0x08000766   0x00000002   Code   RO          146    i.DebugMon_Handler  stm32f10x_it.o
    0x08000768   0x08000768   0x000000a6   Code   RO          244    i.GPIO_Init         stm32f10x_gpio.o
    0x0800080e   0x0800080e   0x0000000e   Code   RO          248    i.GPIO_ReadInputDataBit  stm32f10x_gpio.o
    0x0800081c   0x0800081c   0x00000004   Code   RO          251    i.GPIO_ResetBits    stm32f10x_gpio.o
    0x08000820   0x08000820   0x00000004   Code   RO          252    i.GPIO_SetBits      stm32f10x_gpio.o
    0x08000824   0x08000824   0x00000002   Code   RO          147    i.HardFault_Handler  stm32f10x_it.o
    0x08000826   0x08000826   0x00000002   PAD
    0x08000828   0x08000828   0x00000028   Code   RO         2053    i.IIC_Ack           iic.o
    0x08000850   0x08000850   0x00000048   Code   RO         2054    i.IIC_Init          iic.o
    0x08000898   0x08000898   0x00000028   Code   RO         2055    i.IIC_NAck          iic.o
    0x080008c0   0x080008c0   0x0000005c   Code   RO         2056    i.IIC_Read_Byte     iic.o
    0x0800091c   0x0800091c   0x00000054   Code   RO         2057    i.IIC_Send_Byte     iic.o
    0x08000970   0x08000970   0x00000028   Code   RO         2058    i.IIC_Start         iic.o
    0x08000998   0x08000998   0x00000028   Code   RO         2059    i.IIC_Stop          iic.o
    0x080009c0   0x080009c0   0x00000044   Code   RO         2060    i.IIC_Wait_Ack      iic.o
    0x08000a04   0x08000a04   0x0000002e   Code   RO         2442    i.Is_Leap_Year      rtc.o
    0x08000a32   0x08000a32   0x00000002   PAD
    0x08000a34   0x08000a34   0x000000d0   Code   RO         2295    i.KEY_Matrix_Init   key.o
    0x08000b04   0x08000b04   0x0000034c   Code   RO         2296    i.KEY_Matrix_Scan   key.o
    0x08000e50   0x08000e50   0x00000028   Code   RO         2385    i.Lead_Code         kongtiao.o
    0x08000e78   0x08000e78   0x00000002   Code   RO          148    i.MemManage_Handler  stm32f10x_it.o
    0x08000e7a   0x08000e7a   0x00000002   Code   RO          149    i.NMI_Handler       stm32f10x_it.o
    0x08000e7c   0x08000e7c   0x00000064   Code   RO          552    i.NVIC_Init         misc.o
    0x08000ee0   0x08000ee0   0x00000014   Code   RO          553    i.NVIC_PriorityGroupConfig  misc.o
    0x08000ef4   0x08000ef4   0x00000070   Code   RO         2386    i.Normal_Code       kongtiao.o
    0x08000f64   0x08000f64   0x0000002c   Code   RO         2122    i.OLED_Clear        oled.o
    0x08000f90   0x08000f90   0x0000003c   Code   RO         2127    i.OLED_DrawPoint    oled.o
    0x08000fcc   0x08000fcc   0x000000d6   Code   RO         2137    i.OLED_Init         oled.o
    0x080010a2   0x080010a2   0x00000002   PAD
    0x080010a4   0x080010a4   0x00000044   Code   RO         2138    i.OLED_Refresh_Gram  oled.o
    0x080010e8   0x080010e8   0x000000c8   Code   RO         2140    i.OLED_ShowChar     oled.o
    0x080011b0   0x080011b0   0x000000b4   Code   RO         2141    i.OLED_ShowFontHZ   oled.o
    0x08001264   0x08001264   0x0000007e   Code   RO         2142    i.OLED_ShowNum      oled.o
    0x080012e2   0x080012e2   0x0000004e   Code   RO         2143    i.OLED_ShowString   oled.o
    0x08001330   0x08001330   0x0000000c   Code   RO         2144    i.OLED_WR_Byte      oled.o
    0x0800133c   0x0800133c   0x0000000c   Code   RO         1544    i.PWR_BackupAccessCmd  stm32f10x_pwr.o
    0x08001348   0x08001348   0x00000002   Code   RO          150    i.PendSV_Handler    stm32f10x_it.o
    0x0800134a   0x0800134a   0x00000002   PAD
    0x0800134c   0x0800134c   0x0000001c   Code   RO          354    i.RCC_APB1PeriphClockCmd  stm32f10x_rcc.o
    0x08001368   0x08001368   0x0000001c   Code   RO          355    i.RCC_APB1PeriphResetCmd  stm32f10x_rcc.o
    0x08001384   0x08001384   0x0000001c   Code   RO          356    i.RCC_APB2PeriphClockCmd  stm32f10x_rcc.o
    0x080013a0   0x080013a0   0x0000001c   Code   RO          357    i.RCC_APB2PeriphResetCmd  stm32f10x_rcc.o
    0x080013bc   0x080013bc   0x0000000c   Code   RO          359    i.RCC_BackupResetCmd  stm32f10x_rcc.o
    0x080013c8   0x080013c8   0x000000ac   Code   RO          364    i.RCC_GetClocksFreq  stm32f10x_rcc.o
    0x08001474   0x08001474   0x00000030   Code   RO          365    i.RCC_GetFlagStatus  stm32f10x_rcc.o
    0x080014a4   0x080014a4   0x00000028   Code   RO          372    i.RCC_LSEConfig     stm32f10x_rcc.o
    0x080014cc   0x080014cc   0x0000000c   Code   RO          379    i.RCC_RTCCLKCmd     stm32f10x_rcc.o
    0x080014d8   0x080014d8   0x00000010   Code   RO          380    i.RCC_RTCCLKConfig  stm32f10x_rcc.o
    0x080014e8   0x080014e8   0x00000010   Code   RO         1899    i.RTC_ClearITPendingBit  stm32f10x_rtc.o
    0x080014f8   0x080014f8   0x00000010   Code   RO         1900    i.RTC_EnterConfigMode  stm32f10x_rtc.o
    0x08001508   0x08001508   0x00000010   Code   RO         1901    i.RTC_ExitConfigMode  stm32f10x_rtc.o
    0x08001518   0x08001518   0x000000dc   Code   RO         2444    i.RTC_Get           rtc.o
    0x080015f4   0x080015f4   0x00000014   Code   RO         1902    i.RTC_GetCounter    stm32f10x_rtc.o
    0x08001608   0x08001608   0x00000020   Code   RO         1905    i.RTC_GetITStatus   stm32f10x_rtc.o
    0x08001628   0x08001628   0x00000058   Code   RO         2445    i.RTC_Get_Week      rtc.o
    0x08001680   0x08001680   0x000000b4   Code   RO         2446    i.RTC_IRQHandler    rtc.o
    0x08001734   0x08001734   0x0000001c   Code   RO         1906    i.RTC_ITConfig      stm32f10x_rtc.o
    0x08001750   0x08001750   0x000000be   Code   RO         2447    i.RTC_Init          rtc.o
    0x0800180e   0x0800180e   0x00000020   Code   RO         2448    i.RTC_NVIC_Config   rtc.o
    0x0800182e   0x0800182e   0x00000002   PAD
    0x08001830   0x08001830   0x000000d0   Code   RO         2449    i.RTC_Set           rtc.o
    0x08001900   0x08001900   0x00000020   Code   RO         1908    i.RTC_SetCounter    stm32f10x_rtc.o
    0x08001920   0x08001920   0x00000020   Code   RO         1909    i.RTC_SetPrescaler  stm32f10x_rtc.o
    0x08001940   0x08001940   0x00000010   Code   RO         1910    i.RTC_WaitForLastTask  stm32f10x_rtc.o
    0x08001950   0x08001950   0x00000018   Code   RO         1911    i.RTC_WaitForSynchro  stm32f10x_rtc.o
    0x08001968   0x08001968   0x0000001c   Code   RO         2061    i.SDA_IN            iic.o
    0x08001984   0x08001984   0x00000024   Code   RO         2062    i.SDA_OUT           iic.o
    0x080019a8   0x080019a8   0x00000002   Code   RO          151    i.SVC_Handler       stm32f10x_it.o
    0x080019aa   0x080019aa   0x00000028   Code   RO         2387    i.Send_0_Code       kongtiao.o
    0x080019d2   0x080019d2   0x00000028   Code   RO         2388    i.Send_1_Code       kongtiao.o
    0x080019fa   0x080019fa   0x00000022   Code   RO         2389    i.Send_Byte         kongtiao.o
    0x08001a1c   0x08001a1c   0x00000004   Code   RO         1988    i.SetSysClock       system_stm32f10x.o
    0x08001a20   0x08001a20   0x000000b0   Code   RO         1989    i.SetSysClockTo72   system_stm32f10x.o
    0x08001ad0   0x08001ad0   0x00000028   Code   RO         2390    i.Stop_Code         kongtiao.o
    0x08001af8   0x08001af8   0x0000001c   Code   RO          556    i.SysTick_CLKSourceConfig  misc.o
    0x08001b14   0x08001b14   0x00000002   Code   RO          152    i.SysTick_Handler   stm32f10x_it.o
    0x08001b16   0x08001b16   0x00000002   PAD
    0x08001b18   0x08001b18   0x0000002c   Code   RO         2561    i.SysTick_Init      systick.o
    0x08001b44   0x08001b44   0x00000050   Code   RO         1991    i.SystemInit        system_stm32f10x.o
    0x08001b94   0x08001b94   0x00000018   Code   RO          658    i.TIM_Cmd           stm32f10x_tim.o
    0x08001bac   0x08001bac   0x00000088   Code   RO          692    i.TIM_OC2Init       stm32f10x_tim.o
    0x08001c34   0x08001c34   0x00000014   Code   RO          695    i.TIM_OC2PreloadConfig  stm32f10x_tim.o
    0x08001c48   0x08001c48   0x00000080   Code   RO         2391    i.TIM_PWM_Init      kongtiao.o
    0x08001cc8   0x08001cc8   0x00000004   Code   RO          720    i.TIM_SetCompare2   stm32f10x_tim.o
    0x08001ccc   0x08001ccc   0x0000009c   Code   RO          729    i.TIM_TimeBaseInit  stm32f10x_tim.o
    0x08001d68   0x08001d68   0x0000006c   Code   RO         2590    i.USART1_IRQHandler  usart.o
    0x08001dd4   0x08001dd4   0x000000b0   Code   RO         2591    i.USART1_Init       usart.o
    0x08001e84   0x08001e84   0x00000074   Code   RO         2505    i.USART3_IRQHandler  usart3.o
    0x08001ef8   0x08001ef8   0x000000b8   Code   RO         2506    i.USART3_Init       usart3.o
    0x08001fb0   0x08001fb0   0x00000008   Code   RO         1190    i.USART_ClearFlag   stm32f10x_usart.o
    0x08001fb8   0x08001fb8   0x00000018   Code   RO         1194    i.USART_Cmd         stm32f10x_usart.o
    0x08001fd0   0x08001fd0   0x000000a4   Code   RO         1196    i.USART_DeInit      stm32f10x_usart.o
    0x08002074   0x08002074   0x0000000e   Code   RO         1197    i.USART_GetFlagStatus  stm32f10x_usart.o
    0x08002082   0x08002082   0x00000040   Code   RO         1198    i.USART_GetITStatus  stm32f10x_usart.o
    0x080020c2   0x080020c2   0x00000036   Code   RO         1200    i.USART_ITConfig    stm32f10x_usart.o
    0x080020f8   0x080020f8   0x000000bc   Code   RO         1201    i.USART_Init        stm32f10x_usart.o
    0x080021b4   0x080021b4   0x00000008   Code   RO         1208    i.USART_ReceiveData  stm32f10x_usart.o
    0x080021bc   0x080021bc   0x00000008   Code   RO         1211    i.USART_SendData    stm32f10x_usart.o
    0x080021c4   0x080021c4   0x00000002   Code   RO          153    i.UsageFault_Handler  stm32f10x_it.o
    0x080021c6   0x080021c6   0x00000002   PAD
    0x080021c8   0x080021c8   0x00000020   Code   RO         2671    i.__0printf$1       mc_w.l(printf1.o)
    0x080021e8   0x080021e8   0x00000024   Code   RO         2865    i.__0vsprintf       mc_w.l(printfa.o)
    0x0800220c   0x0800220c   0x0000000e   Code   RO         2931    i.__scatterload_copy  mc_w.l(handlers.o)
    0x0800221a   0x0800221a   0x00000002   Code   RO         2932    i.__scatterload_null  mc_w.l(handlers.o)
    0x0800221c   0x0800221c   0x0000000e   Code   RO         2933    i.__scatterload_zeroinit  mc_w.l(handlers.o)
    0x0800222a   0x0800222a   0x00000002   PAD
    0x0800222c   0x0800222c   0x00000184   Code   RO         2866    i._fp_digits        mc_w.l(printfa.o)
    0x080023b0   0x080023b0   0x00000154   Code   RO         2678    i._printf_core      mc_w.l(printf1.o)
    0x08002504   0x08002504   0x000006b4   Code   RO         2867    i._printf_core      mc_w.l(printfa.o)
    0x08002bb8   0x08002bb8   0x00000024   Code   RO         2868    i._printf_post_padding  mc_w.l(printfa.o)
    0x08002bdc   0x08002bdc   0x0000002e   Code   RO         2869    i._printf_pre_padding  mc_w.l(printfa.o)
    0x08002c0a   0x08002c0a   0x0000000a   Code   RO         2871    i._sputc            mc_w.l(printfa.o)
    0x08002c14   0x08002c14   0x00000078   Code   RO         2507    i.bt11_check        usart3.o
    0x08002c8c   0x08002c8c   0x00000034   Code   RO         2562    i.delay_ms          systick.o
    0x08002cc0   0x08002cc0   0x00000034   Code   RO         2563    i.delay_us          systick.o
    0x08002cf4   0x08002cf4   0x00000024   Code   RO         2592    i.fputc             usart.o
    0x08002d18   0x08002d18   0x000000b2   Code   RO         2392    i.guangji           kongtiao.o
    0x08002dca   0x08002dca   0x00000002   PAD
    0x08002dcc   0x08002dcc   0x00001154   Code   RO            1    i.main              main.o
    0x08003f20   0x08003f20   0x00000010   Code   RO         2145    i.oled_pow          oled.o
    0x08003f30   0x08003f30   0x0000004c   Code   RO         2508    i.u3_printf         usart3.o
    0x08003f7c   0x08003f7c   0x0000002e   Code   RO         2146    i.write_iic_cmd     oled.o
    0x08003faa   0x08003faa   0x0000002e   Code   RO         2147    i.write_iic_data    oled.o
    0x08003fd8   0x08003fd8   0x00001a60   Data   RO         2149    .constdata          oled.o
    0x08005a38   0x08005a38   0x0000000c   Data   RO         2452    .constdata          rtc.o
    0x08005a44   0x08005a44   0x00000020   Data   RO         2929    Region$$Table       anon$$obj.o


    Execution Region RW_IRAM1 (Exec base: 0x20000000, Load base: 0x08005a64, Size: 0x00000a10, Max: 0x00005000, ABSOLUTE)

    Exec Addr    Load Addr    Size         Type   Attr      Idx    E Section Name        Object

    0x20000000   0x08005a64   0x0000001a   Data   RW            3    .data               main.o
    0x2000001a   0x08005a7e   0x00000014   Data   RW          384    .data               stm32f10x_rcc.o
    0x2000002e   0x08005a92   0x00000002   Data   RW         2453    .data               rtc.o
    0x20000030   0x08005a94   0x00000002   Data   RW         2510    .data               usart3.o
    0x20000032   0x08005a96   0x00000004   Data   RW         2564    .data               systick.o
    0x20000036   0x08005a9a   0x00000002   Data   RW         2594    .data               usart.o
    0x20000038   0x08005a9c   0x00000004   Data   RW         2903    .data               mc_w.l(stdout.o)
    0x2000003c        -       0x00000012   Zero   RW            2    .bss                main.o
    0x2000004e        -       0x00000400   Zero   RW         2148    .bss                oled.o
    0x2000044e        -       0x0000000a   Zero   RW         2450    .bss                rtc.o
    0x20000458        -       0x000000c8   Zero   RW         2509    .bss                usart3.o
    0x20000520        -       0x000000ec   Zero   RW         2593    .bss                usart.o
    0x2000060c   0x08005aa0   0x00000004   PAD
    0x20000610        -       0x00000400   Zero   RW          230    STACK               startup_stm32f10x_md.o


==============================================================================

Image component sizes


      Code (inc. data)   RO Data    RW Data    ZI Data      Debug   Object Name

       182          0          0          0          0       2208   24cxx.o
       540         56          0          0          0       4981   iic.o
      1052         18          0          0          0       1956   key.o
       612          4          0          0          0       4303   kongtiao.o
      4436        718          0         26         18     258476   main.o
       148         14          0          0          0       2253   misc.o
      1090         34       6752          0       1024       8861   oled.o
       964         74         12          2         10       5923   rtc.o
        36          8        236          0       1024        828   startup_stm32f10x_md.o
        58         12          0          0          0       2796   stm32f10x_bkp.o
       188          0          0          0          0       3892   stm32f10x_gpio.o
        18          0          0          0          0       3686   stm32f10x_it.o
        12          6          0          0          0        538   stm32f10x_pwr.o
       412         72          0         20          0       8920   stm32f10x_rcc.o
       232         50          0          0          0       5524   stm32f10x_rtc.o
       340         50          0          0          0       4032   stm32f10x_tim.o
       532         26          0          0          0       8142   stm32f10x_usart.o
       260         26          0          0          0       1869   system_stm32f10x.o
       148         18          0          4          0       1681   systick.o
       320         28          0          2        236       2324   usart.o
       496         50          0          2        200       3903   usart3.o

    ----------------------------------------------------------------------
     12092       1264       7032         56       2516     337096   Object Totals
         0          0         32          0          0          0   (incl. Generated)
        16          0          0          0          4          0   (incl. Padding)

    ----------------------------------------------------------------------

      Code (inc. data)   RO Data    RW Data    ZI Data      Debug   Library Member Name

         0          0          0          0          0          0   entry.o
         0          0          0          0          0          0   entry10a.o
         0          0          0          0          0          0   entry11a.o
         4          0          0          0          0          0   entry12b.o
         8          4          0          0          0          0   entry2.o
         4          0          0          0          0          0   entry5.o
         0          0          0          0          0          0   entry7b.o
         0          0          0          0          0          0   entry8b.o
         8          4          0          0          0          0   entry9a.o
        30          0          0          0          0          0   handlers.o
        36          8          0          0          0         68   init.o
         0          0          0          0          0          0   iusefp.o
        30          0          0          0          0         68   llshl.o
        36          0          0          0          0         68   llsshr.o
        32          0          0          0          0         68   llushr.o
       372         14          0          0          0        184   printf1.o
      2232         86          0          0          0        528   printfa.o
         0          0          0          4          0          0   stdout.o
        14          0          0          0          0         68   strlen.o
        44          0          0          0          0         80   uidiv.o
        98          0          0          0          0         92   uldiv.o
        48          0          0          0          0         68   cdrcmple.o
       334          0          0          0          0        148   dadd.o
       222          0          0          0          0        100   ddiv.o
       186          0          0          0          0        176   depilogue.o
        48          0          0          0          0         68   dfixul.o
       228          0          0          0          0         96   dmul.o

    ----------------------------------------------------------------------
      4016        116          0          4          0       1880   Library Totals
         2          0          0          0          0          0   (incl. Padding)

    ----------------------------------------------------------------------

      Code (inc. data)   RO Data    RW Data    ZI Data      Debug   Library Name

      2948        116          0          4          0       1224   mc_w.l
      1066          0          0          0          0        656   mf_w.l

    ----------------------------------------------------------------------
      4016        116          0          4          0       1880   Library Totals

    ----------------------------------------------------------------------

==============================================================================


      Code (inc. data)   RO Data    RW Data    ZI Data      Debug   

     16108       1380       7032         60       2516     332680   Grand Totals
     16108       1380       7032         60       2516     332680   ELF Image Totals
     16108       1380       7032         60          0          0   ROM Totals

==============================================================================

    Total RO  Size (Code + RO Data)                23140 (  22.60kB)
    Total RW  Size (RW Data + ZI Data)              2576 (   2.52kB)
    Total ROM Size (Code + RO Data + RW Data)      23200 (  22.66kB)

==============================================================================

