<html>
<body>
<pre>
<h1>礦ision Build Log</h1>
<h2>Tool Versions:</h2>
IDE-Version: μVision V5.38.0.0
Copyright (C) 2022 ARM Ltd and ARM Germany GmbH. All rights reserved.
License Information: da as, asdg, LIC=03C6R-KT2N5-MM49I-T2SLG-YRS7G-WJX7H
 
Tool Versions:
Toolchain:       MDK-ARM Plus  Version: 5.38.0.0
Toolchain Path:  F:\Program Files (x86)\stm32e\keil\sotf\ARM\ARMCC\Bin
C Compiler:      Armcc.exe V5.06 update 7 (build 960)
Assembler:       Armasm.exe V5.06 update 7 (build 960)
Linker/Locator:  ArmLink.exe V5.06 update 7 (build 960)
Library Manager: ArmAr.exe V5.06 update 7 (build 960)
Hex Converter:   FromElf.exe V5.06 update 7 (build 960)
CPU DLL:         SARMCM3.DLL V5.38.0.0
Dialog DLL:      DCM.DLL V1.17.5.0
Target DLL:      STLink\ST-LINKIII-KEIL_SWO.dll V3.1.0.0
Dialog DLL:      TCM.DLL V1.56.4.0
 
<h2>Project:</h2>
C:\Users\HASEE\Desktop\项目\工程项目\SMT32代码\Template.uvprojx
Project File Date:  12/21/2023

<h2>Output:</h2>
*** Using Compiler 'V5.06 update 7 (build 960)', folder: 'F:\Program Files (x86)\stm32e\keil\sotf\ARM\ARMCC\Bin'
Rebuild target 'Target 1'
assembling startup_stm32f10x_md.s...
compiling stm32f10x_gpio.c...
compiling stm32f10x_it.c...
compiling misc.c...
compiling stm32f10x_usart.c...
compiling stm32f10x_iwdg.c...
compiling stm32f10x_wwdg.c...
compiling stm32f10x_exti.c...
compiling main.c...
User\main.c(22): warning:  #177-D: variable "reclen"  was declared but never referenced
  	u8 tflag=0,reclen=0;
User\main.c: 1 warning, 0 errors
compiling stm32f10x_bkp.c...
compiling stm32f10x_rcc.c...
compiling stm32f10x_pwr.c...
compiling stm32f10x_tim.c...
compiling core_cm3.c...
compiling stm32f10x_dma.c...
compiling stm32f10x_adc.c...
compiling stm32f10x_rtc.c...
compiling led.c...
compiling system_stm32f10x.c...
compiling iic.c...
compiling 24cxx.c...
compiling kongtiao.c...
compiling oled.c...
APP\oled\oled.c(166): warning:  #68-D: integer conversion resulted in a change of sign
  	else {incx=-1;delta_x=-delta_x;} 
APP\oled\oled.c(169): warning:  #68-D: integer conversion resulted in a change of sign
  	else{incy=-1;delta_y=-delta_y;} 
APP\oled\oled.c(323): warning:  #186-D: pointless comparison of unsigned integer with zero
  		if(di<0)di +=4*a+6;	  
APP\oled\oled.c: 3 warnings, 0 errors
compiling key.c...
compiling rtc.c...
compiling usart3.c...
compiling system.c...
compiling SysTick.c...
compiling usart.c...
linking...
Program Size: Code=16108 RO-data=7032 RW-data=60 ZI-data=2516  
FromELF: creating hex file...
".\Obj\Template.axf" - 0 Error(s), 4 Warning(s).

<h2>Software Packages used:</h2>

Package Vendor: Keil
                https://www.keil.com/pack/Keil.STM32F1xx_DFP.2.4.1.pack
                Keil.STM32F1xx_DFP.2.4.1
                STMicroelectronics STM32F1 Series Device Support, Drivers and Examples

<h2>Collection of Component include folders:</h2>
  F:/Program Files (x86)/stm32e/keil/pack/Keil/STM32F1xx_DFP/2.4.1/Device/Include

<h2>Collection of Component Files used:</h2>
Build Time Elapsed:  00:00:02
</pre>
</body>
</html>
